Archive member included to satisfy reference by file (symbol)

c:/program files (x86)/atollic/truestudio for stm32 9.0.0/armtools/bin/../lib/gcc/arm-atollic-eabi/6.3.1/../../../../arm-atollic-eabi/lib/armv7e-m/fpu\libc.a(lib_a-atoi.o)
                              src\terminal_input.o (atoi)
c:/program files (x86)/atollic/truestudio for stm32 9.0.0/armtools/bin/../lib/gcc/arm-atollic-eabi/6.3.1/../../../../arm-atollic-eabi/lib/armv7e-m/fpu\libc.a(lib_a-init.o)
                              src\startup_stm32f40xx.o (__libc_init_array)
c:/program files (x86)/atollic/truestudio for stm32 9.0.0/armtools/bin/../lib/gcc/arm-atollic-eabi/6.3.1/../../../../arm-atollic-eabi/lib/armv7e-m/fpu\libc.a(lib_a-memcpy-stub.o)
                              Libraries\API-LIB\Source\bitmap.o (memcpy)
c:/program files (x86)/atollic/truestudio for stm32 9.0.0/armtools/bin/../lib/gcc/arm-atollic-eabi/6.3.1/../../../../arm-atollic-eabi/lib/armv7e-m/fpu\libc.a(lib_a-strcmp.o)
                              Libraries\API-LIB\Source\bitmap.o (strcmp)
c:/program files (x86)/atollic/truestudio for stm32 9.0.0/armtools/bin/../lib/gcc/arm-atollic-eabi/6.3.1/../../../../arm-atollic-eabi/lib/armv7e-m/fpu\libc.a(lib_a-strcpy.o)
                              src\terminal_input.o (strcpy)
c:/program files (x86)/atollic/truestudio for stm32 9.0.0/armtools/bin/../lib/gcc/arm-atollic-eabi/6.3.1/../../../../arm-atollic-eabi/lib/armv7e-m/fpu\libc.a(lib_a-strlen.o)
                              Libraries\API-LIB\Source\text.o (strlen)
c:/program files (x86)/atollic/truestudio for stm32 9.0.0/armtools/bin/../lib/gcc/arm-atollic-eabi/6.3.1/../../../../arm-atollic-eabi/lib/armv7e-m/fpu\libc.a(lib_a-strtok.o)
                              src\terminal_input.o (strtok)
c:/program files (x86)/atollic/truestudio for stm32 9.0.0/armtools/bin/../lib/gcc/arm-atollic-eabi/6.3.1/../../../../arm-atollic-eabi/lib/armv7e-m/fpu\libc.a(lib_a-strtok_r.o)
                              c:/program files (x86)/atollic/truestudio for stm32 9.0.0/armtools/bin/../lib/gcc/arm-atollic-eabi/6.3.1/../../../../arm-atollic-eabi/lib/armv7e-m/fpu\libc.a(lib_a-strtok.o) (__strtok_r)
c:/program files (x86)/atollic/truestudio for stm32 9.0.0/armtools/bin/../lib/gcc/arm-atollic-eabi/6.3.1/../../../../arm-atollic-eabi/lib/armv7e-m/fpu\libc.a(lib_a-strtol.o)
                              c:/program files (x86)/atollic/truestudio for stm32 9.0.0/armtools/bin/../lib/gcc/arm-atollic-eabi/6.3.1/../../../../arm-atollic-eabi/lib/armv7e-m/fpu\libc.a(lib_a-atoi.o) (_strtol_r)
c:/program files (x86)/atollic/truestudio for stm32 9.0.0/armtools/bin/../lib/gcc/arm-atollic-eabi/6.3.1/../../../../arm-atollic-eabi/lib/armv7e-m/fpu\libc.a(lib_a-vsnprintf.o)
                              Libraries\ub_lib\uart.o (vsnprintf)
c:/program files (x86)/atollic/truestudio for stm32 9.0.0/armtools/bin/../lib/gcc/arm-atollic-eabi/6.3.1/../../../../arm-atollic-eabi/lib/armv7e-m/fpu\libc.a(lib_a-impure.o)
                              c:/program files (x86)/atollic/truestudio for stm32 9.0.0/armtools/bin/../lib/gcc/arm-atollic-eabi/6.3.1/../../../../arm-atollic-eabi/lib/armv7e-m/fpu\libc.a(lib_a-strtok.o) (_impure_ptr)
c:/program files (x86)/atollic/truestudio for stm32 9.0.0/armtools/bin/../lib/gcc/arm-atollic-eabi/6.3.1/../../../../arm-atollic-eabi/lib/armv7e-m/fpu\libc.a(lib_a-locale.o)
                              c:/program files (x86)/atollic/truestudio for stm32 9.0.0/armtools/bin/../lib/gcc/arm-atollic-eabi/6.3.1/../../../../arm-atollic-eabi/lib/armv7e-m/fpu\libc.a(lib_a-strtol.o) (__locale_ctype_ptr_l)
c:/program files (x86)/atollic/truestudio for stm32 9.0.0/armtools/bin/../lib/gcc/arm-atollic-eabi/6.3.1/../../../../arm-atollic-eabi/lib/armv7e-m/fpu\libc.a(lib_a-malloc.o)
                              c:/program files (x86)/atollic/truestudio for stm32 9.0.0/armtools/bin/../lib/gcc/arm-atollic-eabi/6.3.1/../../../../arm-atollic-eabi/lib/armv7e-m/fpu\libc.a(lib_a-strtok.o) (malloc)
c:/program files (x86)/atollic/truestudio for stm32 9.0.0/armtools/bin/../lib/gcc/arm-atollic-eabi/6.3.1/../../../../arm-atollic-eabi/lib/armv7e-m/fpu\libc.a(lib_a-mallocr.o)
                              c:/program files (x86)/atollic/truestudio for stm32 9.0.0/armtools/bin/../lib/gcc/arm-atollic-eabi/6.3.1/../../../../arm-atollic-eabi/lib/armv7e-m/fpu\libc.a(lib_a-malloc.o) (_malloc_r)
c:/program files (x86)/atollic/truestudio for stm32 9.0.0/armtools/bin/../lib/gcc/arm-atollic-eabi/6.3.1/../../../../arm-atollic-eabi/lib/armv7e-m/fpu\libc.a(lib_a-mbtowc_r.o)
                              c:/program files (x86)/atollic/truestudio for stm32 9.0.0/armtools/bin/../lib/gcc/arm-atollic-eabi/6.3.1/../../../../arm-atollic-eabi/lib/armv7e-m/fpu\libc.a(lib_a-locale.o) (__ascii_mbtowc)
c:/program files (x86)/atollic/truestudio for stm32 9.0.0/armtools/bin/../lib/gcc/arm-atollic-eabi/6.3.1/../../../../arm-atollic-eabi/lib/armv7e-m/fpu\libc.a(lib_a-mlock.o)
[...]
Memory Configuration

Name             Origin             Length             Attributes
FLASH            0x08000000         0x00100000         xr
RAM              0x20000000         0x00020000         xrw
MEMORY_B1        0x60000000         0x00000000         xr
CCMRAM           0x10000000         0x00010000         rw
*default*        0x00000000         0xffffffff

Linker script and memory map

LOAD c:/program files (x86)/atollic/truestudio for stm32 9.0.0/armtools/bin/../lib/gcc/arm-atollic-eabi/6.3.1/armv7e-m/fpu/crti.o
LOAD c:/program files (x86)/atollic/truestudio for stm32 9.0.0/armtools/bin/../lib/gcc/arm-atollic-eabi/6.3.1/armv7e-m/fpu/crtbegin.o
LOAD Libraries\API-LIB\Source\bitmap.o
LOAD Libraries\API-LIB\Source\clr_screen.o
LOAD Libraries\API-LIB\Source\ellips.o
LOAD Libraries\API-LIB\Source\letter_select.o
LOAD Libraries\API-LIB\Source\line.o
LOAD Libraries\API-LIB\Source\rectangle.o
LOAD Libraries\API-LIB\Source\text.o
LOAD Libraries\API-LIB\Source\triangle.o
LOAD Libraries\API-LIB\Source\wait_ms.o
LOAD Libraries\STM32F4xx_StdPeriph_Driver\src\misc.o
LOAD Libraries\STM32F4xx_StdPeriph_Driver\src\stm32f4xx_adc.o
LOAD Libraries\STM32F4xx_StdPeriph_Driver\src\stm32f4xx_can.o
LOAD Libraries\STM32F4xx_StdPeriph_Driver\src\stm32f4xx_crc.o
LOAD Libraries\STM32F4xx_StdPeriph_Driver\src\stm32f4xx_cryp.o
LOAD Libraries\STM32F4xx_StdPeriph_Driver\src\stm32f4xx_cryp_aes.o
LOAD Libraries\STM32F4xx_StdPeriph_Driver\src\stm32f4xx_cryp_des.o
LOAD Libraries\STM32F4xx_StdPeriph_Driver\src\stm32f4xx_cryp_tdes.o
LOAD Libraries\STM32F4xx_StdPeriph_Driver\src\stm32f4xx_dac.o
LOAD Libraries\STM32F4xx_StdPeriph_Driver\src\stm32f4xx_dbgmcu.o
LOAD Libraries\STM32F4xx_StdPeriph_Driver\src\stm32f4xx_dcmi.o
LOAD Libraries\STM32F4xx_StdPeriph_Driver\src\stm32f4xx_dma.o
LOAD Libraries\STM32F4xx_StdPeriph_Driver\src\stm32f4xx_exti.o
LOAD Libraries\STM32F4xx_StdPeriph_Driver\src\stm32f4xx_flash.o
LOAD Libraries\STM32F4xx_StdPeriph_Driver\src\stm32f4xx_fsmc.o
LOAD Libraries\STM32F4xx_StdPeriph_Driver\src\stm32f4xx_gpio.o
LOAD Libraries\STM32F4xx_StdPeriph_Driver\src\stm32f4xx_hash.o
LOAD Libraries\STM32F4xx_StdPeriph_Driver\src\stm32f4xx_hash_md5.o
LOAD Libraries\STM32F4xx_StdPeriph_Driver\src\stm32f4xx_hash_sha1.o
LOAD Libraries\STM32F4xx_StdPeriph_Driver\src\stm32f4xx_i2c.o
LOAD Libraries\STM32F4xx_StdPeriph_Driver\src\stm32f4xx_iwdg.o
LOAD Libraries\STM32F4xx_StdPeriph_Driver\src\stm32f4xx_pwr.o
LOAD Libraries\STM32F4xx_StdPeriph_Driver\src\stm32f4xx_rcc.o
LOAD Libraries\STM32F4xx_StdPeriph_Driver\src\stm32f4xx_rng.o
LOAD Libraries\STM32F4xx_StdPeriph_Driver\src\stm32f4xx_rtc.o
LOAD Libraries\STM32F4xx_StdPeriph_Driver\src\stm32f4xx_sdio.o
LOAD Libraries\STM32F4xx_StdPeriph_Driver\src\stm32f4xx_spi.o
LOAD Libraries\STM32F4xx_StdPeriph_Driver\src\stm32f4xx_syscfg.o
LOAD Libraries\STM32F4xx_StdPeriph_Driver\src\stm32f4xx_tim.o
LOAD Libraries\STM32F4xx_StdPeriph_Driver\src\stm32f4xx_usart.o
LOAD Libraries\STM32F4xx_StdPeriph_Driver\src\stm32f4xx_wwdg.o
LOAD Libraries\ub_lib\delay.o
LOAD Libraries\ub_lib\stm32_ub_vga_screen.o
LOAD Libraries\ub_lib\uart.o
LOAD src\main.o
LOAD src\startup_stm32f40xx.o
LOAD src\stm32f4xx_it.o
LOAD src\system_stm32f4xx.o
LOAD src\terminal_input.o
LOAD src\tiny_printf.o
                0x00000080                malloc_getpagesize_P = 0x80
START GROUP
LOAD c:/program files (x86)/atollic/truestudio for stm32 9.0.0/armtools/bin/../lib/gcc/arm-atollic-eabi/6.3.1/../../../../arm-atollic-eabi/lib/armv7e-m/fpu\libc.a
LOAD c:/program files (x86)/atollic/truestudio for stm32 9.0.0/armtools/bin/../lib/gcc/arm-atollic-eabi/6.3.1/../../../../arm-atollic-eabi/lib/armv7e-m/fpu\libm.a
END GROUP
START GROUP
LOAD c:/program files (x86)/atollic/truestudio for stm32 9.0.0/armtools/bin/../lib/gcc/arm-atollic-eabi/6.3.1/armv7e-m/fpu\libgcc.a
LOAD c:/program files (x86)/atollic/truestudio for stm32 9.0.0/armtools/bin/../lib/gcc/arm-atollic-eabi/6.3.1/../../../../arm-atollic-eabi/lib/armv7e-m/fpu\libc.a
END GROUP
START GROUP
LOAD c:/program files (x86)/atollic/truestudio for stm32 9.0.0/armtools/bin/../lib/gcc/arm-atollic-eabi/6.3.1/armv7e-m/fpu\libgcc.a
LOAD c:/program files (x86)/atollic/truestudio for stm32 9.0.0/armtools/bin/../lib/gcc/arm-atollic-eabi/6.3.1/../../../../arm-atollic-eabi/lib/armv7e-m/fpu\libc.a
LOAD c:/program files (x86)/atollic/truestudio for stm32 9.0.0/armtools/bin/../lib/gcc/arm-atollic-eabi/6.3.1/../../../../arm-atollic-eabi/lib/armv7e-m/fpu\libnosys.a
END GROUP
LOAD c:/program files (x86)/atollic/truestudio for stm32 9.0.0/armtools/bin/../lib/gcc/arm-atollic-eabi/6.3.1/armv7e-m/fpu/crtend.o
LOAD c:/program files (x86)/atollic/truestudio for stm32 9.0.0/armtools/bin/../lib/gcc/arm-atollic-eabi/6.3.1/armv7e-m/fpu/crtn.o
                0x20020000                _estack = 0x20020000
                0x00000000                _Min_Heap_Size = 0x0
                0x00000400                _Min_Stack_Size = 0x400

.isr_vector     0x08000000      0x188
                0x08000000                . = ALIGN (0x4)
 *(.isr_vector)
 .isr_vector    0x08000000      0x188 src\startup_stm32f40xx.o
                0x08000000                g_pfnVectors
                0x08000188                . = ALIGN (0x4)

.text           0x08000188    0x31408
                0x08000188                . = ALIGN (0x4)
 *(.text)
 .text          0x08000188       0x40 c:/program files (x86)/atollic/truestudio for stm32 9.0.0/armtools/bin/../lib/gcc/arm-atollic-eabi/6.3.1/armv7e-m/fpu/crtbegin.o
 .text          0x080001c8       0x14 c:/program files (x86)/atollic/truestudio for stm32 9.0.0/armtools/bin/../lib/gcc/arm-atollic-eabi/6.3.1/../../../../arm-atollic-eabi/lib/armv7e-m/fpu\libc.a(lib_a-strcmp.o)
                0x080001c8                strcmp
 .text          0x080001dc       0x10 c:/program files (x86)/atollic/truestudio for stm32 9.0.0/armtools/bin/../lib/gcc/arm-atollic-eabi/6.3.1/../../../../arm-atollic-eabi/lib/armv7e-m/fpu\libc.a(lib_a-strlen.o)
                0x080001dc                strlen
 *(.text*)
 .text.draw_bitmap
                0x080001ec    0x28718 Libraries\API-LIB\Source\bitmap.o
                0x080001ec                draw_bitmap
 .text.clr_screen
                0x08028904       0x1a Libraries\API-LIB\Source\clr_screen.o
                0x08028904                clr_screen
 .text.draw_ellips
                0x0802891e       0xa6 Libraries\API-LIB\Source\ellips.o
                0x0802891e                draw_ellips
 .text.letter_select
                0x080289c4     0x5ee0 Libraries\API-LIB\Source\letter_select.o
                0x080289c4                letter_select
 .text.draw_line
                0x0802e8a4      0x3b4 Libraries\API-LIB\Source\line.o
                0x0802e8a4                draw_line
 .text.draw_rectangle
                0x0802ec58       0x50 Libraries\API-LIB\Source\rectangle.o
                0x0802ec58                draw_rectangle
 .text.draw_text
                0x0802eca8       0x4c Libraries\API-LIB\Source\text.o
                0x0802eca8                draw_text
 .text.draw_triangle
                0x0802ecf4       0x52 Libraries\API-LIB\Source\triangle.o
                0x0802ecf4                draw_triangle
 .text.wait_ms  0x0802ed46       0x18 Libraries\API-LIB\Source\wait_ms.o
                0x0802ed46                wait_ms
 *fill*         0x0802ed5e        0x2 
 .text.NVIC_Init
                0x0802ed60       0xc4 Libraries\STM32F4xx_StdPeriph_Driver\src\misc.o
                0x0802ed60                NVIC_Init
 .text.DMA_DeInit
                0x0802ee24      0x1a8 Libraries\STM32F4xx_StdPeriph_Driver\src\stm32f4xx_dma.o
                0x0802ee24                DMA_DeInit
 .text.DMA_Init
                0x0802efcc       0xb0 Libraries\STM32F4xx_StdPeriph_Driver\src\stm32f4xx_dma.o
                0x0802efcc                DMA_Init
 .text.DMA_Cmd  0x0802f07c       0x38 Libraries\STM32F4xx_StdPeriph_Driver\src\stm32f4xx_dma.o
                0x0802f07c                DMA_Cmd
 .text.DMA_ITConfig
                0x0802f0b4       0x74 Libraries\STM32F4xx_StdPeriph_Driver\src\stm32f4xx_dma.o
                0x0802f0b4                DMA_ITConfig
 .text.DMA_GetITStatus
                0x0802f128       0xb0 Libraries\STM32F4xx_StdPeriph_Driver\src\stm32f4xx_dma.o
                0x0802f128                DMA_GetITStatus
 .text.DMA_ClearITPendingBit
                0x0802f1d8       0x5c Libraries\STM32F4xx_StdPeriph_Driver\src\stm32f4xx_dma.o
                0x0802f1d8                DMA_ClearITPendingBit
 .text.GPIO_Init
                0x0802f234      0x11c Libraries\STM32F4xx_StdPeriph_Driver\src\stm32f4xx_gpio.o
                0x0802f234                GPIO_Init
 .text.GPIO_PinAFConfig
                0x0802f350       0x92 Libraries\STM32F4xx_StdPeriph_Driver\src\stm32f4xx_gpio.o
                0x0802f350                GPIO_PinAFConfig
 *fill*         0x0802f3e2        0x2 
 .text.RCC_AHB1PeriphClockCmd
                0x0802f3e4       0x40 Libraries\STM32F4xx_StdPeriph_Driver\src\stm32f4xx_rcc.o
                0x0802f3e4                RCC_AHB1PeriphClockCmd
 .text.RCC_APB1PeriphClockCmd
                0x0802f424       0x40 Libraries\STM32F4xx_StdPeriph_Driver\src\stm32f4xx_rcc.o
                0x0802f424                RCC_APB1PeriphClockCmd
 .text.RCC_APB2PeriphClockCmd
                0x0802f464       0x40 Libraries\STM32F4xx_StdPeriph_Driver\src\stm32f4xx_rcc.o
                0x0802f464                RCC_APB2PeriphClockCmd
 .text.TIM_TimeBaseInit
                0x0802f4a4       0xd8 Libraries\STM32F4xx_StdPeriph_Driver\src\stm32f4xx_tim.o
                0x0802f4a4                TIM_TimeBaseInit
 .text.TIM_ARRPreloadConfig
                0x0802f57c       0x40 Libraries\STM32F4xx_StdPeriph_Driver\src\stm32f4xx_tim.o
                0x0802f57c                TIM_ARRPreloadConfig
 .text.TIM_Cmd  0x0802f5bc       0x40 Libraries\STM32F4xx_StdPeriph_Driver\src\stm32f4xx_tim.o
                0x0802f5bc                TIM_Cmd
 .text.TIM_OC3Init
                0x0802f5fc      0x10c Libraries\STM32F4xx_StdPeriph_Driver\src\stm32f4xx_tim.o
                0x0802f5fc                TIM_OC3Init
 .text.TIM_OC4Init
                0x0802f708       0xd0 Libraries\STM32F4xx_StdPeriph_Driver\src\stm32f4xx_tim.o
                0x0802f708                TIM_OC4Init
 .text.TIM_OC3PreloadConfig
                0x0802f7d8       0x38 Libraries\STM32F4xx_StdPeriph_Driver\src\stm32f4xx_tim.o
                0x0802f7d8                TIM_OC3PreloadConfig
 .text.TIM_OC4PreloadConfig
                0x0802f810       0x3c Libraries\STM32F4xx_StdPeriph_Driver\src\stm32f4xx_tim.o
                0x0802f810                TIM_OC4PreloadConfig
 .text.TIM_ITConfig
                0x0802f84c       0x48 Libraries\STM32F4xx_StdPeriph_Driver\src\stm32f4xx_tim.o
                0x0802f84c                TIM_ITConfig
 .text.TIM_ClearITPendingBit
                0x0802f894       0x22 Libraries\STM32F4xx_StdPeriph_Driver\src\stm32f4xx_tim.o
                0x0802f894                TIM_ClearITPendingBit
 .text.TIM_DMACmd
                0x0802f8b6       0x48 Libraries\STM32F4xx_StdPeriph_Driver\src\stm32f4xx_tim.o
                0x0802f8b6                TIM_DMACmd
 .text.USART_SendData
                0x0802f8fe       0x24 Libraries\STM32F4xx_StdPeriph_Driver\src\stm32f4xx_usart.o
                0x0802f8fe                USART_SendData
 .text.USART_GetFlagStatus
                0x0802f922       0x38 Libraries\STM32F4xx_StdPeriph_Driver\src\stm32f4xx_usart.o
                0x0802f922                USART_GetFlagStatus
 .text.USART_GetITStatus
                0x0802f95a       0xb6 Libraries\STM32F4xx_StdPeriph_Driver\src\stm32f4xx_usart.o
                0x0802f95a                USART_GetITStatus
 .text.USART_ClearITPendingBit
                0x0802fa10       0x3a Libraries\STM32F4xx_StdPeriph_Driver\src\stm32f4xx_usart.o
                0x0802fa10                USART_ClearITPendingBit
 *fill*         0x0802fa4a        0x2 
 .text.DELAY_ms
                0x0802fa4c       0x3c Libraries\ub_lib\delay.o
                0x0802fa4c                DELAY_ms
 .text.UB_VGA_Screen_Init
                0x0802fa88       0x80 Libraries\ub_lib\stm32_ub_vga_screen.o
                0x0802fa88                UB_VGA_Screen_Init
 .text.UB_VGA_FillScreen
                0x0802fb08       0x44 Libraries\ub_lib\stm32_ub_vga_screen.o
                0x0802fb08                UB_VGA_FillScreen
 .text.UB_VGA_SetPixel
                0x0802fb4c       0x50 Libraries\ub_lib\stm32_ub_vga_screen.o
                0x0802fb4c                UB_VGA_SetPixel
 .text.P_VGA_InitIO
                0x0802fb9c       0xa8 Libraries\ub_lib\stm32_ub_vga_screen.o
                0x0802fb9c                P_VGA_InitIO
 .text.P_VGA_InitTIM
                0x0802fc44       0xcc Libraries\ub_lib\stm32_ub_vga_screen.o
                0x0802fc44                P_VGA_InitTIM
 .text.P_VGA_InitINT
                0x0802fd10       0x58 Libraries\ub_lib\stm32_ub_vga_screen.o
                0x0802fd10                P_VGA_InitINT
 .text.P_VGA_InitDMA
                0x0802fd68       0x90 Libraries\ub_lib\stm32_ub_vga_screen.o
                0x0802fd68                P_VGA_InitDMA
 .text.TIM2_IRQHandler
                0x0802fdf8       0xbc Libraries\ub_lib\stm32_ub_vga_screen.o
                0x0802fdf8                TIM2_IRQHandler
 .text.DMA2_Stream5_IRQHandler
                0x0802feb4       0x4c Libraries\ub_lib\stm32_ub_vga_screen.o
                0x0802feb4                DMA2_Stream5_IRQHandler
 .text.UART_putchar
                0x0802ff00       0x34 Libraries\ub_lib\uart.o
                0x0802ff00                UART_putchar
 .text.UART_puts
                0x0802ff34       0x36 Libraries\ub_lib\uart.o
                0x0802ff34                UART_puts
 *fill*         0x0802ff6a        0x2 
 .text.USART2_IRQHandler
                0x0802ff6c       0xb4 Libraries\ub_lib\uart.o
                0x0802ff6c                USART2_IRQHandler
 .text.UART_get
                0x08030020       0x30 Libraries\ub_lib\uart.o
                0x08030020                UART_get
 .text.UART_gets
                0x08030050       0x48 Libraries\ub_lib\uart.o
                0x08030050                UART_gets
 .text.main     0x08030098       0x9c src\main.o
                0x08030098                main
 .text.Reset_Handler
                0x08030134       0x50 src\startup_stm32f40xx.o
                0x08030134                Reset_Handler
 .text.Default_Handler
                0x08030184        0x2 src\startup_stm32f40xx.o
                0x08030184                RTC_Alarm_IRQHandler
                0x08030184                HASH_RNG_IRQHandler
                0x08030184                EXTI2_IRQHandler
                0x08030184                TIM8_CC_IRQHandler
                0x08030184                TIM1_CC_IRQHandler
                0x08030184                DMA1_Stream5_IRQHandler
                0x08030184                PVD_IRQHandler
                0x08030184                SDIO_IRQHandler
                0x08030184                TAMP_STAMP_IRQHandler
                0x08030184                CAN2_RX1_IRQHandler
                0x08030184                EXTI3_IRQHandler
                0x08030184                TIM8_TRG_COM_TIM14_IRQHandler
                0x08030184                TIM1_UP_TIM10_IRQHandler
                0x08030184                TIM8_UP_TIM13_IRQHandler
                0x08030184                I2C3_ER_IRQHandler
                0x08030184                EXTI0_IRQHandler
                0x08030184                I2C2_EV_IRQHandler
                0x08030184                DMA1_Stream2_IRQHandler
                0x08030184                CAN1_RX0_IRQHandler
                0x08030184                FPU_IRQHandler
                0x08030184                OTG_HS_WKUP_IRQHandler
                0x08030184                CAN2_SCE_IRQHandler
                0x08030184                DMA2_Stream2_IRQHandler
                0x08030184                SPI1_IRQHandler
                0x08030184                TIM6_DAC_IRQHandler
                0x08030184                TIM1_BRK_TIM9_IRQHandler
                0x08030184                DCMI_IRQHandler
                0x08030184                CAN2_RX0_IRQHandler
                0x08030184                DMA2_Stream3_IRQHandler
                0x08030184                USART6_IRQHandler
                0x08030184                USART3_IRQHandler
                0x08030184                CRYP_IRQHandler
                0x08030184                CAN1_RX1_IRQHandler
                0x08030184                UART5_IRQHandler
                0x08030184                DMA2_Stream0_IRQHandler
                0x08030184                TIM4_IRQHandler
                0x08030184                I2C1_EV_IRQHandler
                0x08030184                DMA1_Stream6_IRQHandler
                0x08030184                DMA1_Stream1_IRQHandler
                0x08030184                UART4_IRQHandler
                0x08030184                TIM3_IRQHandler
                0x08030184                RCC_IRQHandler
                0x08030184                TIM8_BRK_TIM12_IRQHandler
                0x08030184                Default_Handler
                0x08030184                EXTI15_10_IRQHandler
                0x08030184                ADC_IRQHandler
                0x08030184                DMA1_Stream7_IRQHandler
                0x08030184                TIM7_IRQHandler
                0x08030184                CAN2_TX_IRQHandler
                0x08030184                TIM5_IRQHandler
                0x08030184                DMA2_Stream7_IRQHandler
                0x08030184                I2C3_EV_IRQHandler
                0x08030184                EXTI9_5_IRQHandler
                0x08030184                RTC_WKUP_IRQHandler
                0x08030184                ETH_WKUP_IRQHandler
                0x08030184                SPI2_IRQHandler
                0x08030184                OTG_HS_EP1_IN_IRQHandler
                0x08030184                DMA1_Stream0_IRQHandler
                0x08030184                CAN1_TX_IRQHandler
                0x08030184                EXTI4_IRQHandler
                0x08030184                FSMC_IRQHandler
                0x08030184                ETH_IRQHandler
                0x08030184                OTG_HS_EP1_OUT_IRQHandler
                0x08030184                WWDG_IRQHandler
                0x08030184                OTG_FS_WKUP_IRQHandler
                0x08030184                TIM1_TRG_COM_TIM11_IRQHandler
                0x08030184                OTG_HS_IRQHandler
                0x08030184                EXTI1_IRQHandler
                0x08030184                I2C2_ER_IRQHandler
                0x08030184                DMA2_Stream1_IRQHandler
                0x08030184                CAN1_SCE_IRQHandler
                0x08030184                FLASH_IRQHandler
                0x08030184                DMA2_Stream4_IRQHandler
                0x08030184                USART1_IRQHandler
                0x08030184                OTG_FS_IRQHandler
                0x08030184                SPI3_IRQHandler
                0x08030184                DMA1_Stream4_IRQHandler
                0x08030184                I2C1_ER_IRQHandler
                0x08030184                DMA2_Stream6_IRQHandler
                0x08030184                DMA1_Stream3_IRQHandler
 .text.NMI_Handler
                0x08030186        0xe src\stm32f4xx_it.o
                0x08030186                NMI_Handler
 .text.HardFault_Handler
                0x08030194        0x6 src\stm32f4xx_it.o
                0x08030194                HardFault_Handler
 .text.MemManage_Handler
                0x0803019a        0x6 src\stm32f4xx_it.o
                0x0803019a                MemManage_Handler
 .text.BusFault_Handler
                0x080301a0        0x6 src\stm32f4xx_it.o
                0x080301a0                BusFault_Handler
 .text.UsageFault_Handler
                0x080301a6        0x6 src\stm32f4xx_it.o
                0x080301a6                UsageFault_Handler
 .text.SVC_Handler
                0x080301ac        0xe src\stm32f4xx_it.o
                0x080301ac                SVC_Handler
 .text.DebugMon_Handler
                0x080301ba        0xe src\stm32f4xx_it.o
                0x080301ba                DebugMon_Handler
 .text.PendSV_Handler
                0x080301c8        0xe src\stm32f4xx_it.o
                0x080301c8                PendSV_Handler
 .text.SysTick_Handler
                0x080301d6        0xe src\stm32f4xx_it.o
                0x080301d6                SysTick_Handler
 .text.SystemInit
                0x080301e4       0x6c src\system_stm32f4xx.o
                0x080301e4                SystemInit
 .text.SetSysClock
                0x08030250       0xf8 src\system_stm32f4xx.o
 .text.get_data
                0x08030348      0x768 src\terminal_input.o
                0x08030348                get_data
 .text.color    0x08030ab0      0x188 src\terminal_input.o
                0x08030ab0                color
 .text.atoi     0x08030c38        0x8 c:/program files (x86)/atollic/truestudio for stm32 9.0.0/armtools/bin/../lib/gcc/arm-atollic-eabi/6.3.1/../../../../arm-atollic-eabi/lib/armv7e-m/fpu\libc.a(lib_a-atoi.o)
                0x08030c38                atoi
 .text.__libc_init_array
                0x08030c40       0x48 c:/program files (x86)/atollic/truestudio for stm32 9.0.0/armtools/bin/../lib/gcc/arm-atollic-eabi/6.3.1/../../../../arm-atollic-eabi/lib/armv7e-m/fpu\libc.a(lib_a-init.o)
                0x08030c40                __libc_init_array
 .text.memcpy   0x08030c88       0x16 c:/program files (x86)/atollic/truestudio for stm32 9.0.0/armtools/bin/../lib/gcc/arm-atollic-eabi/6.3.1/../../../../arm-atollic-eabi/lib/armv7e-m/fpu\libc.a(lib_a-memcpy-stub.o)
                0x08030c88                memcpy
 .text.strcpy   0x08030c9e       0x10 c:/program files (x86)/atollic/truestudio for stm32 9.0.0/armtools/bin/../lib/gcc/arm-atollic-eabi/6.3.1/../../../../arm-atollic-eabi/lib/armv7e-m/fpu\libc.a(lib_a-strcpy.o)
                0x08030c9e                strcpy
 *fill*         0x08030cae        0x2 
 .text.strtok   0x08030cb0       0x58 c:/program files (x86)/atollic/truestudio for stm32 9.0.0/armtools/bin/../lib/gcc/arm-atollic-eabi/6.3.1/../../../../arm-atollic-eabi/lib/armv7e-m/fpu\libc.a(lib_a-strtok.o)
                0x08030cb0                strtok
 .text.__strtok_r
                0x08030d08       0x52 c:/program files (x86)/atollic/truestudio for stm32 9.0.0/armtools/bin/../lib/gcc/arm-atollic-eabi/6.3.1/../../../../arm-atollic-eabi/lib/armv7e-m/fpu\libc.a(lib_a-strtok_r.o)
                0x08030d08                __strtok_r
 .text._strtol_l.isra.0
                0x08030d5a      0x100 c:/program files (x86)/atollic/truestudio for stm32 9.0.0/armtools/bin/../lib/gcc/arm-atollic-eabi/6.3.1/../../../../arm-atollic-eabi/lib/armv7e-m/fpu\libc.a(lib_a-strtol.o)
 *fill*         0x08030e5a        0x2 
 .text.strtol   0x08030e5c       0x2c c:/program files (x86)/atollic/truestudio for stm32 9.0.0/armtools/bin/../lib/gcc/arm-atollic-eabi/6.3.1/../../../../arm-atollic-eabi/lib/armv7e-m/fpu\libc.a(lib_a-strtol.o)
                0x08030e5c                strtol
 .text.__locale_ctype_ptr_l
                0x08030e88        0x6 c:/program files (x86)/atollic/truestudio for stm32 9.0.0/armtools/bin/../lib/gcc/arm-atollic-eabi/6.3.1/../../../../arm-atollic-eabi/lib/armv7e-m/fpu\libc.a(lib_a-locale.o)
                0x08030e88                __locale_ctype_ptr_l
 *fill*         0x08030e8e        0x2 
 .text.malloc   0x08030e90       0x10 c:/program files (x86)/atollic/truestudio for stm32 9.0.0/armtools/bin/../lib/gcc/arm-atollic-eabi/6.3.1/../../../../arm-atollic-eabi/lib/armv7e-m/fpu\libc.a(lib_a-malloc.o)
                0x08030e90                malloc
 .text._malloc_r
                0x08030ea0      0x41c c:/program files (x86)/atollic/truestudio for stm32 9.0.0/armtools/bin/../lib/gcc/arm-atollic-eabi/6.3.1/../../../../arm-atollic-eabi/lib/armv7e-m/fpu\libc.a(lib_a-mallocr.o)
                0x08030ea0                _malloc_r
 .text.__ascii_mbtowc
                0x080312bc       0x24 c:/program files (x86)/atollic/truestudio for stm32 9.0.0/armtools/bin/../lib/gcc/arm-atollic-eabi/6.3.1/../../../../arm-atollic-eabi/lib/armv7e-m/fpu\libc.a(lib_a-mbtowc_r.o)
                0x080312bc                __ascii_mbtowc
 .text.__malloc_lock
                0x080312e0        0xc c:/program files (x86)/atollic/truestudio for stm32 9.0.0/armtools/bin/../lib/gcc/arm-atollic-eabi/6.3.1/../../../../arm-atollic-eabi/lib/armv7e-m/fpu\libc.a(lib_a-mlock.o)
                0x080312e0                __malloc_lock
 .text.__malloc_unlock
                0x080312ec        0xc c:/program files (x86)/atollic/truestudio for stm32 9.0.0/armtools/bin/../lib/gcc/arm-atollic-eabi/6.3.1/../../../../arm-atollic-eabi/lib/armv7e-m/fpu\libc.a(lib_a-mlock.o)
                0x080312ec                __malloc_unlock
 .text._sbrk_r  0x080312f8       0x20 c:/program files (x86)/atollic/truestudio for stm32 9.0.0/armtools/bin/../lib/gcc/arm-atollic-eabi/6.3.1/../../../../arm-atollic-eabi/lib/armv7e-m/fpu\libc.a(lib_a-sbrkr.o)
                0x080312f8                _sbrk_r
 .text.__ascii_wctomb
                0x08031318       0x1a c:/program files (x86)/atollic/truestudio for stm32 9.0.0/armtools/bin/../lib/gcc/arm-atollic-eabi/6.3.1/../../../../arm-atollic-eabi/lib/armv7e-m/fpu\libc.a(lib_a-wctomb_r.o)
                0x08031318                __ascii_wctomb
 *fill*         0x08031332        0x2 
 .text._malloc_trim_r
                0x08031334       0xac c:/program files (x86)/atollic/truestudio for stm32 9.0.0/armtools/bin/../lib/gcc/arm-atollic-eabi/6.3.1/../../../../arm-atollic-eabi/lib/armv7e-m/fpu\libc.a(lib_a-freer.o)
                0x08031334                _malloc_trim_r
 .text._free_r  0x080313e0      0x178 c:/program files (x86)/atollic/truestudio for stm32 9.0.0/armtools/bin/../lib/gcc/arm-atollic-eabi/6.3.1/../../../../arm-atollic-eabi/lib/armv7e-m/fpu\libc.a(lib_a-freer.o)
                0x080313e0                _free_r
 .text.__retarget_lock_acquire_recursive
                0x08031558        0x2 c:/program files (x86)/atollic/truestudio for stm32 9.0.0/armtools/bin/../lib/gcc/arm-atollic-eabi/6.3.1/../../../../arm-atollic-eabi/lib/armv7e-m/fpu\libc.a(lib_a-lock.o)
                0x08031558                __retarget_lock_acquire_recursive
 .text.__retarget_lock_release_recursive
                0x0803155a        0x2 c:/program files (x86)/atollic/truestudio for stm32 9.0.0/armtools/bin/../lib/gcc/arm-atollic-eabi/6.3.1/../../../../arm-atollic-eabi/lib/armv7e-m/fpu\libc.a(lib_a-lock.o)
                0x0803155a                __retarget_lock_release_recursive
 .text._sbrk    0x0803155c       0x1c c:/program files (x86)/atollic/truestudio for stm32 9.0.0/armtools/bin/../lib/gcc/arm-atollic-eabi/6.3.1/../../../../arm-atollic-eabi/lib/armv7e-m/fpu\libnosys.a(sbrk.o)
                0x0803155c                _sbrk
 *(.glue_7)
 .glue_7        0x08031578        0x0 linker stubs
 *(.glue_7t)
 .glue_7t       0x08031578        0x0 linker stubs
 *(.eh_frame)
 .eh_frame      0x08031578        0x0 c:/program files (x86)/atollic/truestudio for stm32 9.0.0/armtools/bin/../lib/gcc/arm-atollic-eabi/6.3.1/armv7e-m/fpu/crtbegin.o
 *(.init)
 .init          0x08031578        0x4 c:/program files (x86)/atollic/truestudio for stm32 9.0.0/armtools/bin/../lib/gcc/arm-atollic-eabi/6.3.1/armv7e-m/fpu/crti.o
                0x08031578                _init
 .init          0x0803157c        0x8 c:/program files (x86)/atollic/truestudio for stm32 9.0.0/armtools/bin/../lib/gcc/arm-atollic-eabi/6.3.1/armv7e-m/fpu/crtn.o
 *(.fini)
 .fini          0x08031584        0x4 c:/program files (x86)/atollic/truestudio for stm32 9.0.0/armtools/bin/../lib/gcc/arm-atollic-eabi/6.3.1/armv7e-m/fpu/crti.o
                0x08031584                _fini
 .fini          0x08031588        0x8 c:/program files (x86)/atollic/truestudio for stm32 9.0.0/armtools/bin/../lib/gcc/arm-atollic-eabi/6.3.1/armv7e-m/fpu/crtn.o
                0x08031590                . = ALIGN (0x4)
                0x08031590                _etext = .

.vfp11_veneer   0x08031590        0x0
 .vfp11_veneer  0x08031590        0x0 linker stubs

.v4_bx          0x08031590        0x0
 .v4_bx         0x08031590        0x0 linker stubs

.iplt           0x08031590        0x0
 .iplt          0x08031590        0x0 c:/program files (x86)/atollic/truestudio for stm32 9.0.0/armtools/bin/../lib/gcc/arm-atollic-eabi/6.3.1/armv7e-m/fpu/crtbegin.o

.rodata         0x08031590     0x1bd0
                0x08031590                . = ALIGN (0x4)
 *(.rodata)
 .rodata        0x08031590     0x1928 Libraries\API-LIB\Source\bitmap.o
 .rodata        0x08032eb8       0x50 src\main.o
 .rodata        0x08032f08      0x14a src\terminal_input.o
 *(.rodata*)
 .rodata._setlocale_r.str1.1
                0x08033052        0x8 c:/program files (x86)/atollic/truestudio for stm32 9.0.0/armtools/bin/../lib/gcc/arm-atollic-eabi/6.3.1/../../../../arm-atollic-eabi/lib/armv7e-m/fpu\libc.a(lib_a-locale.o)
                                  0x9 (size before relaxing)
 .rodata.str1.1
                0x0803305a        0x2 c:/program files (x86)/atollic/truestudio for stm32 9.0.0/armtools/bin/../lib/gcc/arm-atollic-eabi/6.3.1/../../../../arm-atollic-eabi/lib/armv7e-m/fpu\libc.a(lib_a-locale.o)
 .rodata._ctype_
                0x0803305c      0x101 c:/program files (x86)/atollic/truestudio for stm32 9.0.0/armtools/bin/../lib/gcc/arm-atollic-eabi/6.3.1/../../../../arm-atollic-eabi/lib/armv7e-m/fpu\libc.a(lib_a-ctype_.o)
                0x0803305c                _ctype_
                0x08033160                . = ALIGN (0x4)
 *fill*         0x0803315d        0x3 

.rel.dyn        0x08033160        0x0
 .rel.iplt      0x08033160        0x0 c:/program files (x86)/atollic/truestudio for stm32 9.0.0/armtools/bin/../lib/gcc/arm-atollic-eabi/6.3.1/armv7e-m/fpu/crtbegin.o

.ARM.extab
 *(.ARM.extab* .gnu.linkonce.armextab.*)

.ARM            0x08033160        0x0
                0x08033160                __exidx_start = .
 *(.ARM.exidx*)
                0x08033160                __exidx_end = .

.preinit_array  0x08033160        0x0
                0x08033160                PROVIDE (__preinit_array_start, .)
 *(.preinit_array*)
                0x08033160                PROVIDE (__preinit_array_end, .)

.init_array     0x08033160        0x4
                0x08033160                PROVIDE (__init_array_start, .)
 *(SORT(.init_array.*))
 *(.init_array*)
 .init_array    0x08033160        0x4 c:/program files (x86)/atollic/truestudio for stm32 9.0.0/armtools/bin/../lib/gcc/arm-atollic-eabi/6.3.1/armv7e-m/fpu/crtbegin.o
                0x08033164                PROVIDE (__init_array_end, .)

.fini_array     0x08033164        0x4
                [!provide]                PROVIDE (__fini_array_start, .)
 *(SORT(.fini_array.*))
 *(.fini_array*)
 .fini_array    0x08033164        0x4 c:/program files (x86)/atollic/truestudio for stm32 9.0.0/armtools/bin/../lib/gcc/arm-atollic-eabi/6.3.1/armv7e-m/fpu/crtbegin.o
                [!provide]                PROVIDE (__fini_array_end, .)
                0x08033168                _sidata = LOADADDR (.data)

.data           0x20000000      0x670 load address 0x08033168
                0x20000000                . = ALIGN (0x4)
                0x20000000                _sdata = .
 *(.data)
 *(.data*)
 .data._impure_ptr
                0x20000000        0x4 c:/program files (x86)/atollic/truestudio for stm32 9.0.0/armtools/bin/../lib/gcc/arm-atollic-eabi/6.3.1/../../../../arm-atollic-eabi/lib/armv7e-m/fpu\libc.a(lib_a-impure.o)
                0x20000000                _impure_ptr
 .data.impure_data
                0x20000004       0xf0 c:/program files (x86)/atollic/truestudio for stm32 9.0.0/armtools/bin/../lib/gcc/arm-atollic-eabi/6.3.1/../../../../arm-atollic-eabi/lib/armv7e-m/fpu\libc.a(lib_a-impure.o)
 .data.__global_locale
                0x200000f4      0x16c c:/program files (x86)/atollic/truestudio for stm32 9.0.0/armtools/bin/../lib/gcc/arm-atollic-eabi/6.3.1/../../../../arm-atollic-eabi/lib/armv7e-m/fpu\libc.a(lib_a-locale.o)
                0x200000f4                __global_locale
 .data.__malloc_av_
                0x20000260      0x408 c:/program files (x86)/atollic/truestudio for stm32 9.0.0/armtools/bin/../lib/gcc/arm-atollic-eabi/6.3.1/../../../../arm-atollic-eabi/lib/armv7e-m/fpu\libc.a(lib_a-mallocr.o)
                0x20000260                __malloc_av_
 .data.__malloc_sbrk_base
                0x20000668        0x4 c:/program files (x86)/atollic/truestudio for stm32 9.0.0/armtools/bin/../lib/gcc/arm-atollic-eabi/6.3.1/../../../../arm-atollic-eabi/lib/armv7e-m/fpu\libc.a(lib_a-mallocr.o)
                0x20000668                __malloc_sbrk_base
 .data.__malloc_trim_threshold
                0x2000066c        0x4 c:/program files (x86)/atollic/truestudio for stm32 9.0.0/armtools/bin/../lib/gcc/arm-atollic-eabi/6.3.1/../../../../arm-atollic-eabi/lib/armv7e-m/fpu\libc.a(lib_a-mallocr.o)
                0x2000066c                __malloc_trim_threshold
                0x20000670                . = ALIGN (0x4)
                0x20000670                _edata = .
                0x080337d8                _siccmram = LOADADDR (.ccmram)

.igot.plt       0x20000670        0x0 load address 0x080337d8
 .igot.plt      0x20000670        0x0 c:/program files (x86)/atollic/truestudio for stm32 9.0.0/armtools/bin/../lib/gcc/arm-atollic-eabi/6.3.1/armv7e-m/fpu/crtbegin.o

.ccmram         0x10000000        0x0 load address 0x080337d8
                0x10000000                . = ALIGN (0x4)
                0x10000000                _sccmram = .
 *(.ccmram)
 *(.ccmram*)
                0x10000000                . = ALIGN (0x4)
                0x10000000                _eccmram = .
                0x10000000                . = ALIGN (0x4)

.bss            0x20000670    0x13294
                0x20000670                _sbss = .
                0x20000670                __bss_start__ = _sbss
 *(.bss)
 .bss           0x20000670       0x1c c:/program files (x86)/atollic/truestudio for stm32 9.0.0/armtools/bin/../lib/gcc/arm-atollic-eabi/6.3.1/armv7e-m/fpu/crtbegin.o
 *(.bss*)
 .bss.charcounter
                0x2000068c        0x4 Libraries\ub_lib\uart.o
                0x2000068c                charcounter
 .bss.__malloc_current_mallinfo
                0x20000690       0x28 c:/program files (x86)/atollic/truestudio for stm32 9.0.0/armtools/bin/../lib/gcc/arm-atollic-eabi/6.3.1/../../../../arm-atollic-eabi/lib/armv7e-m/fpu\libc.a(lib_a-mallocr.o)
                0x20000690                __malloc_current_mallinfo
 .bss.__malloc_max_sbrked_mem
                0x200006b8        0x4 c:/program files (x86)/atollic/truestudio for stm32 9.0.0/armtools/bin/../lib/gcc/arm-atollic-eabi/6.3.1/../../../../arm-atollic-eabi/lib/armv7e-m/fpu\libc.a(lib_a-mallocr.o)
                0x200006b8                __malloc_max_sbrked_mem
 .bss.__malloc_max_total_mem
                0x200006bc        0x4 c:/program files (x86)/atollic/truestudio for stm32 9.0.0/armtools/bin/../lib/gcc/arm-atollic-eabi/6.3.1/../../../../arm-atollic-eabi/lib/armv7e-m/fpu\libc.a(lib_a-mallocr.o)
                0x200006bc                __malloc_max_total_mem
 .bss.__malloc_top_pad
                0x200006c0        0x4 c:/program files (x86)/atollic/truestudio for stm32 9.0.0/armtools/bin/../lib/gcc/arm-atollic-eabi/6.3.1/../../../../arm-atollic-eabi/lib/armv7e-m/fpu\libc.a(lib_a-mallocr.o)
                0x200006c0                __malloc_top_pad
 .bss.heap_end.5239
                0x200006c4        0x4 c:/program files (x86)/atollic/truestudio for stm32 9.0.0/armtools/bin/../lib/gcc/arm-atollic-eabi/6.3.1/../../../../arm-atollic-eabi/lib/armv7e-m/fpu\libnosys.a(sbrk.o)
 *(COMMON)
 COMMON         0x200006c8    0x131b8 Libraries\API-LIB\Source\bitmap.o
                0x200006c8                functions
                0x200006dc                VGA
                0x200006e8                clearscrn_args
                0x20000770                VGA_RAM1
                0x20013460                rectangle_args
                0x200134e8                triangle_args
                0x20013570                parameters
                0x200135d4                line_args
                0x2001365c                bitmap_args
                0x200136e4                text_args
                0x2001376c                wait_args
                0x200137f4                ellips_args
                0x2001387c                token
 COMMON         0x20013880       0x10 Libraries\ub_lib\delay.o
                0x20013880                G_CLK
                0x20013884                D_S
                0x20013888                D_uS
                0x2001388c                D_mS
 COMMON         0x20013890       0x64 Libraries\ub_lib\uart.o
                0x20013890                string
 COMMON         0x200138f4        0x9 c:/program files (x86)/atollic/truestudio for stm32 9.0.0/armtools/bin/../lib/gcc/arm-atollic-eabi/6.3.1/../../../../arm-atollic-eabi/lib/armv7e-m/fpu\libc.a(lib_a-lock.o)
                0x200138f4                __lock___atexit_recursive_mutex
                0x200138f5                __lock___arc4random_mutex
                0x200138f6                __lock___env_recursive_mutex
                0x200138f7                __lock___sinit_recursive_mutex
                0x200138f8                __lock___malloc_recursive_mutex
                0x200138f9                __lock___at_quick_exit_mutex
                0x200138fa                __lock___dd_hash_mutex
                0x200138fb                __lock___tz_mutex
                0x200138fc                __lock___sfp_recursive_mutex
 *fill*         0x200138fd        0x3 
 COMMON         0x20013900        0x4 c:/program files (x86)/atollic/truestudio for stm32 9.0.0/armtools/bin/../lib/gcc/arm-atollic-eabi/6.3.1/../../../../arm-atollic-eabi/lib/armv7e-m/fpu\libc.a(lib_a-reent.o)
                0x20013900                errno
                0x20013904                . = ALIGN (0x4)
                0x20013904                _ebss = .
                0x20013904                __bss_end__ = _ebss

._user_heap_stack
                0x20013904      0x400
                0x20013904                . = ALIGN (0x4)
                0x20013904                PROVIDE (end, .)
                [!provide]                PROVIDE (_end, .)
                0x20013904                . = (. + _Min_Heap_Size)
                0x20013d04                . = (. + _Min_Stack_Size)
 *fill*         0x20013904      0x400 
                0x20013d04                . = ALIGN (0x4)

.memory_b1_text
 *(.mb1text)
 *(.mb1text*)
 *(.mb1rodata)
 *(.mb1rodata*)

/DISCARD/
 libc.a(*)
 libm.a(*)
 libgcc.a(*)

.ARM.attributes
                0x00000000       0x30
 *(.ARM.attributes)
 .ARM.attributes
                0x00000000       0x22 c:/program files (x86)/atollic/truestudio for stm32 9.0.0/armtools/bin/../lib/gcc/arm-atollic-eabi/6.3.1/armv7e-m/fpu/crti.o
 .ARM.attributes
                0x00000022       0x34 c:/program files (x86)/atollic/truestudio for stm32 9.0.0/armtools/bin/../lib/gcc/arm-atollic-eabi/6.3.1/armv7e-m/fpu/crtbegin.o
 .ARM.attributes
                0x00000056       0x39 Libraries\API-LIB\Source\bitmap.o
 .ARM.attributes
                0x0000008f       0x39 Libraries\API-LIB\Source\clr_screen.o
 .ARM.attributes
                0x000000c8       0x39 Libraries\API-LIB\Source\ellips.o
 .ARM.attributes
                0x00000101       0x39 Libraries\API-LIB\Source\letter_select.o
 .ARM.attributes
                0x0000013a       0x39 Libraries\API-LIB\Source\line.o
 .ARM.attributes
                0x00000173       0x39 Libraries\API-LIB\Source\rectangle.o
 .ARM.attributes
                0x000001ac       0x39 Libraries\API-LIB\Source\text.o
 .ARM.attributes
                0x000001e5       0x39 Libraries\API-LIB\Source\triangle.o
 .ARM.attributes
                0x0000021e       0x39 Libraries\API-LIB\Source\wait_ms.o
 .ARM.attributes
                0x00000257       0x39 Libraries\STM32F4xx_StdPeriph_Driver\src\misc.o
 .ARM.attributes
                0x00000290       0x39 Libraries\STM32F4xx_StdPeriph_Driver\src\stm32f4xx_dma.o
 .ARM.attributes
                0x000002c9       0x39 Libraries\STM32F4xx_StdPeriph_Driver\src\stm32f4xx_gpio.o
 .ARM.attributes
                0x00000302       0x39 Libraries\STM32F4xx_StdPeriph_Driver\src\stm32f4xx_rcc.o
 .ARM.attributes
                0x0000033b       0x39 Libraries\STM32F4xx_StdPeriph_Driver\src\stm32f4xx_tim.o
 .ARM.attributes
                0x00000374       0x39 Libraries\STM32F4xx_StdPeriph_Driver\src\stm32f4xx_usart.o
 .ARM.attributes
                0x000003ad       0x39 Libraries\ub_lib\delay.o
 .ARM.attributes
                0x000003e6       0x39 Libraries\ub_lib\stm32_ub_vga_screen.o
 .ARM.attributes
                0x0000041f       0x39 Libraries\ub_lib\uart.o
 .ARM.attributes
                0x00000458       0x39 src\main.o
 .ARM.attributes
                0x00000491       0x21 src\startup_stm32f40xx.o
 .ARM.attributes
                0x000004b2       0x39 src\stm32f4xx_it.o
 .ARM.attributes
                0x000004eb       0x39 src\system_stm32f4xx.o
 .ARM.attributes
                0x00000524       0x39 src\terminal_input.o
 .ARM.attributes
                0x0000055d       0x34 c:/program files (x86)/atollic/truestudio for stm32 9.0.0/armtools/bin/../lib/gcc/arm-atollic-eabi/6.3.1/../../../../arm-atollic-eabi/lib/armv7e-m/fpu\libc.a(lib_a-atoi.o)
 .ARM.attributes
                0x00000591       0x34 c:/program files (x86)/atollic/truestudio for stm32 9.0.0/armtools/bin/../lib/gcc/arm-atollic-eabi/6.3.1/../../../../arm-atollic-eabi/lib/armv7e-m/fpu\libc.a(lib_a-init.o)
 .ARM.attributes
                0x000005c5       0x34 c:/program files (x86)/atollic/truestudio for stm32 9.0.0/armtools/bin/../lib/gcc/arm-atollic-eabi/6.3.1/../../../../arm-atollic-eabi/lib/armv7e-m/fpu\libc.a(lib_a-memcpy-stub.o)
 .ARM.attributes
                0x000005f9       0x20 c:/program files (x86)/atollic/truestudio for stm32 9.0.0/armtools/bin/../lib/gcc/arm-atollic-eabi/6.3.1/../../../../arm-atollic-eabi/lib/armv7e-m/fpu\libc.a(lib_a-strcmp.o)
 .ARM.attributes
                0x00000619       0x34 c:/program files (x86)/atollic/truestudio for stm32 9.0.0/armtools/bin/../lib/gcc/arm-atollic-eabi/6.3.1/../../../../arm-atollic-eabi/lib/armv7e-m/fpu\libc.a(lib_a-strcpy.o)
 .ARM.attributes
                0x0000064d       0x1b c:/program files (x86)/atollic/truestudio for stm32 9.0.0/armtools/bin/../lib/gcc/arm-atollic-eabi/6.3.1/../../../../arm-atollic-eabi/lib/armv7e-m/fpu\libc.a(lib_a-strlen.o)
 .ARM.attributes
                0x00000668       0x34 c:/program files (x86)/atollic/truestudio for stm32 9.0.0/armtools/bin/../lib/gcc/arm-atollic-eabi/6.3.1/../../../../arm-atollic-eabi/lib/armv7e-m/fpu\libc.a(lib_a-strtok.o)
 .ARM.attributes
                0x0000069c       0x34 c:/program files (x86)/atollic/truestudio for stm32 9.0.0/armtools/bin/../lib/gcc/arm-atollic-eabi/6.3.1/../../../../arm-atollic-eabi/lib/armv7e-m/fpu\libc.a(lib_a-strtok_r.o)
 .ARM.attributes
                0x000006d0       0x34 c:/program files (x86)/atollic/truestudio for stm32 9.0.0/armtools/bin/../lib/gcc/arm-atollic-eabi/6.3.1/../../../../arm-atollic-eabi/lib/armv7e-m/fpu\libc.a(lib_a-strtol.o)
 .ARM.attributes
                0x00000704       0x34 c:/program files (x86)/atollic/truestudio for stm32 9.0.0/armtools/bin/../lib/gcc/arm-atollic-eabi/6.3.1/../../../../arm-atollic-eabi/lib/armv7e-m/fpu\libc.a(lib_a-impure.o)
 .ARM.attributes
                0x00000738       0x34 c:/program files (x86)/atollic/truestudio for stm32 9.0.0/armtools/bin/../lib/gcc/arm-atollic-eabi/6.3.1/../../../../arm-atollic-eabi/lib/armv7e-m/fpu\libc.a(lib_a-locale.o)
 .ARM.attributes
                0x0000076c       0x34 c:/program files (x86)/atollic/truestudio for stm32 9.0.0/armtools/bin/../lib/gcc/arm-atollic-eabi/6.3.1/../../../../arm-atollic-eabi/lib/armv7e-m/fpu\libc.a(lib_a-malloc.o)
 .ARM.attributes
                0x000007a0       0x34 c:/program files (x86)/atollic/truestudio for stm32 9.0.0/armtools/bin/../lib/gcc/arm-atollic-eabi/6.3.1/../../../../arm-atollic-eabi/lib/armv7e-m/fpu\libc.a(lib_a-mallocr.o)
 .ARM.attributes
                0x000007d4       0x34 c:/program files (x86)/atollic/truestudio for stm32 9.0.0/armtools/bin/../lib/gcc/arm-atollic-eabi/6.3.1/../../../../arm-atollic-eabi/lib/armv7e-m/fpu\libc.a(lib_a-mbtowc_r.o)
 .ARM.attributes
                0x00000808       0x34 c:/program files (x86)/atollic/truestudio for stm32 9.0.0/armtools/bin/../lib/gcc/arm-atollic-eabi/6.3.1/../../../../arm-atollic-eabi/lib/armv7e-m/fpu\libc.a(lib_a-mlock.o)
 .ARM.attributes
                0x0000083c       0x34 c:/program files (x86)/atollic/truestudio for stm32 9.0.0/armtools/bin/../lib/gcc/arm-atollic-eabi/6.3.1/../../../../arm-atollic-eabi/lib/armv7e-m/fpu\libc.a(lib_a-sbrkr.o)
 .ARM.attributes
                0x00000870       0x34 c:/program files (x86)/atollic/truestudio for stm32 9.0.0/armtools/bin/../lib/gcc/arm-atollic-eabi/6.3.1/../../../../arm-atollic-eabi/lib/armv7e-m/fpu\libc.a(lib_a-wctomb_r.o)
 .ARM.attributes
                0x000008a4       0x34 c:/program files (x86)/atollic/truestudio for stm32 9.0.0/armtools/bin/../lib/gcc/arm-atollic-eabi/6.3.1/../../../../arm-atollic-eabi/lib/armv7e-m/fpu\libc.a(lib_a-ctype_.o)
 .ARM.attributes
                0x000008d8       0x34 c:/program files (x86)/atollic/truestudio for stm32 9.0.0/armtools/bin/../lib/gcc/arm-atollic-eabi/6.3.1/../../../../arm-atollic-eabi/lib/armv7e-m/fpu\libc.a(lib_a-freer.o)
 .ARM.attributes
                0x0000090c       0x34 c:/program files (x86)/atollic/truestudio for stm32 9.0.0/armtools/bin/../lib/gcc/arm-atollic-eabi/6.3.1/../../../../arm-atollic-eabi/lib/armv7e-m/fpu\libc.a(lib_a-lock.o)
 .ARM.attributes
                0x00000940       0x34 c:/program files (x86)/atollic/truestudio for stm32 9.0.0/armtools/bin/../lib/gcc/arm-atollic-eabi/6.3.1/../../../../arm-atollic-eabi/lib/armv7e-m/fpu\libc.a(lib_a-reent.o)
 .ARM.attributes
                0x00000974       0x34 c:/program files (x86)/atollic/truestudio for stm32 9.0.0/armtools/bin/../lib/gcc/arm-atollic-eabi/6.3.1/../../../../arm-atollic-eabi/lib/armv7e-m/fpu\libnosys.a(sbrk.o)
 .ARM.attributes
                0x000009a8       0x22 c:/program files (x86)/atollic/truestudio for stm32 9.0.0/armtools/bin/../lib/gcc/arm-atollic-eabi/6.3.1/armv7e-m/fpu/crtn.o
OUTPUT(Software_ontwikkeling_opdracht.elf elf32-littlearm)

.debug_info     0x00000000    0x10bbb
 .debug_info    0x00000000      0xe74 Libraries\API-LIB\Source\bitmap.o
 .debug_info    0x00000e74      0xbad Libraries\API-LIB\Source\clr_screen.o
 .debug_info    0x00001a21      0xc11 Libraries\API-LIB\Source\ellips.o
 .debug_info    0x00002632     0x1821 Libraries\API-LIB\Source\letter_select.o
 .debug_info    0x00003e53      0xd05 Libraries\API-LIB\Source\line.o
 .debug_info    0x00004b58      0xc0d Libraries\API-LIB\Source\rectangle.o
 .debug_info    0x00005765      0xbf7 Libraries\API-LIB\Source\text.o
 .debug_info    0x0000635c      0xbfd Libraries\API-LIB\Source\triangle.o
 .debug_info    0x00006f59      0xbad Libraries\API-LIB\Source\wait_ms.o
 .debug_info    0x00007b06      0x54d Libraries\STM32F4xx_StdPeriph_Driver\src\misc.o
 .debug_info    0x00008053      0x74c Libraries\STM32F4xx_StdPeriph_Driver\src\stm32f4xx_dma.o
 .debug_info    0x0000879f      0x628 Libraries\STM32F4xx_StdPeriph_Driver\src\stm32f4xx_gpio.o
 .debug_info    0x00008dc7      0xc98 Libraries\STM32F4xx_StdPeriph_Driver\src\stm32f4xx_rcc.o
 .debug_info    0x00009a5f     0x1c74 Libraries\STM32F4xx_StdPeriph_Driver\src\stm32f4xx_tim.o
 .debug_info    0x0000b6d3      0x9d5 Libraries\STM32F4xx_StdPeriph_Driver\src\stm32f4xx_usart.o
 .debug_info    0x0000c0a8      0xcca Libraries\ub_lib\delay.o
 .debug_info    0x0000cd72      0xae4 Libraries\ub_lib\stm32_ub_vga_screen.o
 .debug_info    0x0000d856     0x13e8 Libraries\ub_lib\uart.o
 .debug_info    0x0000ec3e      0xbbf src\main.o
 .debug_info    0x0000f7fd       0xb6 src\startup_stm32f40xx.o
 .debug_info    0x0000f8b3      0x154 src\stm32f4xx_it.o
 .debug_info    0x0000fa07      0x5dd src\system_stm32f4xx.o
 .debug_info    0x0000ffe4      0xbd7 src\terminal_input.o

.debug_abbrev   0x00000000     0x27ed
 .debug_abbrev  0x00000000      0x22e Libraries\API-LIB\Source\bitmap.o
 .debug_abbrev  0x0000022e      0x1d5 Libraries\API-LIB\Source\clr_screen.o
 .debug_abbrev  0x00000403      0x1ed Libraries\API-LIB\Source\ellips.o
 .debug_abbrev  0x000005f0      0x22e Libraries\API-LIB\Source\letter_select.o
 .debug_abbrev  0x0000081e      0x216 Libraries\API-LIB\Source\line.o
 .debug_abbrev  0x00000a34      0x1fc Libraries\API-LIB\Source\rectangle.o
 .debug_abbrev  0x00000c30      0x1fc Libraries\API-LIB\Source\text.o
 .debug_abbrev  0x00000e2c      0x1e4 Libraries\API-LIB\Source\triangle.o
 .debug_abbrev  0x00001010      0x1d5 Libraries\API-LIB\Source\wait_ms.o
 .debug_abbrev  0x000011e5      0x172 Libraries\STM32F4xx_StdPeriph_Driver\src\misc.o
 .debug_abbrev  0x00001357      0x168 Libraries\STM32F4xx_StdPeriph_Driver\src\stm32f4xx_dma.o
 .debug_abbrev  0x000014bf      0x1b8 Libraries\STM32F4xx_StdPeriph_Driver\src\stm32f4xx_gpio.o
 .debug_abbrev  0x00001677      0x1f8 Libraries\STM32F4xx_StdPeriph_Driver\src\stm32f4xx_rcc.o
 .debug_abbrev  0x0000186f      0x19a Libraries\STM32F4xx_StdPeriph_Driver\src\stm32f4xx_tim.o
 .debug_abbrev  0x00001a09      0x182 Libraries\STM32F4xx_StdPeriph_Driver\src\stm32f4xx_usart.o
 .debug_abbrev  0x00001b8b      0x20d Libraries\ub_lib\delay.o
 .debug_abbrev  0x00001d98      0x1fb Libraries\ub_lib\stm32_ub_vga_screen.o
 .debug_abbrev  0x00001f93      0x2a1 Libraries\ub_lib\uart.o
 .debug_abbrev  0x00002234      0x1d7 src\main.o
 .debug_abbrev  0x0000240b       0x12 src\startup_stm32f40xx.o
 .debug_abbrev  0x0000241d       0x78 src\stm32f4xx_it.o
 .debug_abbrev  0x00002495      0x158 src\system_stm32f4xx.o
 .debug_abbrev  0x000025ed      0x200 src\terminal_input.o

.debug_aranges  0x00000000      0xa10
 .debug_aranges
                0x00000000       0x20 Libraries\API-LIB\Source\bitmap.o
 .debug_aranges
                0x00000020       0x20 Libraries\API-LIB\Source\clr_screen.o
 .debug_aranges
                0x00000040       0x20 Libraries\API-LIB\Source\ellips.o
 .debug_aranges
                0x00000060       0x20 Libraries\API-LIB\Source\letter_select.o
 .debug_aranges
                0x00000080       0x20 Libraries\API-LIB\Source\line.o
 .debug_aranges
                0x000000a0       0x20 Libraries\API-LIB\Source\rectangle.o
 .debug_aranges
                0x000000c0       0x20 Libraries\API-LIB\Source\text.o
 .debug_aranges
                0x000000e0       0x20 Libraries\API-LIB\Source\triangle.o
 .debug_aranges
                0x00000100       0x20 Libraries\API-LIB\Source\wait_ms.o
 .debug_aranges
                0x00000120       0x40 Libraries\STM32F4xx_StdPeriph_Driver\src\misc.o
 .debug_aranges
                0x00000160       0xb0 Libraries\STM32F4xx_StdPeriph_Driver\src\stm32f4xx_dma.o
 .debug_aranges
                0x00000210       0x88 Libraries\STM32F4xx_StdPeriph_Driver\src\stm32f4xx_gpio.o
 .debug_aranges
                0x00000298      0x180 Libraries\STM32F4xx_StdPeriph_Driver\src\stm32f4xx_rcc.o
 .debug_aranges
                0x00000418      0x2f8 Libraries\STM32F4xx_StdPeriph_Driver\src\stm32f4xx_tim.o
 .debug_aranges
                0x00000710      0x100 Libraries\STM32F4xx_StdPeriph_Driver\src\stm32f4xx_usart.o
 .debug_aranges
                0x00000810       0x38 Libraries\ub_lib\delay.o
 .debug_aranges
                0x00000848       0x60 Libraries\ub_lib\stm32_ub_vga_screen.o
 .debug_aranges
                0x000008a8       0x68 Libraries\ub_lib\uart.o
 .debug_aranges
                0x00000910       0x20 src\main.o
 .debug_aranges
                0x00000930       0x28 src\startup_stm32f40xx.o
 .debug_aranges
                0x00000958       0x60 src\stm32f4xx_it.o
 .debug_aranges
                0x000009b8       0x30 src\system_stm32f4xx.o
 .debug_aranges
                0x000009e8       0x28 src\terminal_input.o

.debug_ranges   0x00000000      0x8a8
 .debug_ranges  0x00000000       0x10 Libraries\API-LIB\Source\bitmap.o
 .debug_ranges  0x00000010       0x10 Libraries\API-LIB\Source\clr_screen.o
 .debug_ranges  0x00000020       0x10 Libraries\API-LIB\Source\ellips.o
 .debug_ranges  0x00000030       0x10 Libraries\API-LIB\Source\letter_select.o
 .debug_ranges  0x00000040       0x10 Libraries\API-LIB\Source\line.o
 .debug_ranges  0x00000050       0x10 Libraries\API-LIB\Source\rectangle.o
 .debug_ranges  0x00000060       0x10 Libraries\API-LIB\Source\text.o
 .debug_ranges  0x00000070       0x10 Libraries\API-LIB\Source\triangle.o
 .debug_ranges  0x00000080       0x10 Libraries\API-LIB\Source\wait_ms.o
 .debug_ranges  0x00000090       0x30 Libraries\STM32F4xx_StdPeriph_Driver\src\misc.o
 .debug_ranges  0x000000c0       0xa0 Libraries\STM32F4xx_StdPeriph_Driver\src\stm32f4xx_dma.o
 .debug_ranges  0x00000160       0x78 Libraries\STM32F4xx_StdPeriph_Driver\src\stm32f4xx_gpio.o
 .debug_ranges  0x000001d8      0x170 Libraries\STM32F4xx_StdPeriph_Driver\src\stm32f4xx_rcc.o
 .debug_ranges  0x00000348      0x2e8 Libraries\STM32F4xx_StdPeriph_Driver\src\stm32f4xx_tim.o
 .debug_ranges  0x00000630       0xf0 Libraries\STM32F4xx_StdPeriph_Driver\src\stm32f4xx_usart.o
 .debug_ranges  0x00000720       0x28 Libraries\ub_lib\delay.o
 .debug_ranges  0x00000748       0x50 Libraries\ub_lib\stm32_ub_vga_screen.o
 .debug_ranges  0x00000798       0x58 Libraries\ub_lib\uart.o
 .debug_ranges  0x000007f0       0x10 src\main.o
 .debug_ranges  0x00000800       0x20 src\startup_stm32f40xx.o
 .debug_ranges  0x00000820       0x50 src\stm32f4xx_it.o
 .debug_ranges  0x00000870       0x20 src\system_stm32f4xx.o
 .debug_ranges  0x00000890       0x18 src\terminal_input.o

.debug_line     0x00000000     0x5f16
 .debug_line    0x00000000      0x4a5 Libraries\API-LIB\Source\bitmap.o
 .debug_line    0x000004a5      0x361 Libraries\API-LIB\Source\clr_screen.o
 .debug_line    0x00000806      0x379 Libraries\API-LIB\Source\ellips.o
 .debug_line    0x00000b7f      0x907 Libraries\API-LIB\Source\letter_select.o
 .debug_line    0x00001486      0x4b5 Libraries\API-LIB\Source\line.o
 .debug_line    0x0000193b      0x37e Libraries\API-LIB\Source\rectangle.o
 .debug_line    0x00001cb9      0x371 Libraries\API-LIB\Source\text.o
 .debug_line    0x0000202a      0x363 Libraries\API-LIB\Source\triangle.o
 .debug_line    0x0000238d      0x35e Libraries\API-LIB\Source\wait_ms.o
 .debug_line    0x000026eb      0x253 Libraries\STM32F4xx_StdPeriph_Driver\src\misc.o
 .debug_line    0x0000293e      0x43f Libraries\STM32F4xx_StdPeriph_Driver\src\stm32f4xx_dma.o
 .debug_line    0x00002d7d      0x375 Libraries\STM32F4xx_StdPeriph_Driver\src\stm32f4xx_gpio.o
 .debug_line    0x000030f2      0x5cd Libraries\STM32F4xx_StdPeriph_Driver\src\stm32f4xx_rcc.o
 .debug_line    0x000036bf      0xad6 Libraries\STM32F4xx_StdPeriph_Driver\src\stm32f4xx_tim.o
 .debug_line    0x00004195      0x4df Libraries\STM32F4xx_StdPeriph_Driver\src\stm32f4xx_usart.o
 .debug_line    0x00004674      0x37d Libraries\ub_lib\delay.o
 .debug_line    0x000049f1      0x399 Libraries\ub_lib\stm32_ub_vga_screen.o
 .debug_line    0x00004d8a      0x4ab Libraries\ub_lib\uart.o
 .debug_line    0x00005235      0x34f src\main.o
 .debug_line    0x00005584       0x7a src\startup_stm32f40xx.o
 .debug_line    0x000055fe      0x227 src\stm32f4xx_it.o
 .debug_line    0x00005825      0x219 src\system_stm32f4xx.o
 .debug_line    0x00005a3e      0x4d8 src\terminal_input.o

.debug_str      0x00000000     0x32a2
 .debug_str     0x00000000      0x7c3 Libraries\API-LIB\Source\bitmap.o
                                0x867 (size before relaxing)
 .debug_str     0x000007c3       0x34 Libraries\API-LIB\Source\clr_screen.o
                                0x805 (size before relaxing)
 .debug_str     0x000007f7       0x31 Libraries\API-LIB\Source\ellips.o
                                0x802 (size before relaxing)
 .debug_str     0x00000828      0x142 Libraries\API-LIB\Source\letter_select.o
                                0x929 (size before relaxing)
 .debug_str     0x0000096a       0x41 Libraries\API-LIB\Source\line.o
                                0x812 (size before relaxing)
 .debug_str     0x000009ab       0x37 Libraries\API-LIB\Source\rectangle.o
                                0x808 (size before relaxing)
 .debug_str     0x000009e2       0x2d Libraries\API-LIB\Source\text.o
                                0x817 (size before relaxing)
 .debug_str     0x00000a0f       0x35 Libraries\API-LIB\Source\triangle.o
                                0x806 (size before relaxing)
 .debug_str     0x00000a44       0x2e Libraries\API-LIB\Source\wait_ms.o
                                0x7ff (size before relaxing)
 .debug_str     0x00000a72      0x273 Libraries\STM32F4xx_StdPeriph_Driver\src\misc.o
                                0x492 (size before relaxing)
 .debug_str     0x00000ce5      0x395 Libraries\STM32F4xx_StdPeriph_Driver\src\stm32f4xx_dma.o
                                0x606 (size before relaxing)
 .debug_str     0x0000107a      0x31b Libraries\STM32F4xx_StdPeriph_Driver\src\stm32f4xx_gpio.o
                                0x567 (size before relaxing)
 .debug_str     0x00001395      0x665 Libraries\STM32F4xx_StdPeriph_Driver\src\stm32f4xx_rcc.o
                                0x93d (size before relaxing)
 .debug_str     0x000019fa      0xb7c Libraries\STM32F4xx_StdPeriph_Driver\src\stm32f4xx_tim.o
                                0xe94 (size before relaxing)
 .debug_str     0x00002576      0x42a Libraries\STM32F4xx_StdPeriph_Driver\src\stm32f4xx_usart.o
                                0x753 (size before relaxing)
 .debug_str     0x000029a0       0x56 Libraries\ub_lib\delay.o
                                0x880 (size before relaxing)
 .debug_str     0x000029f6      0x61d Libraries\ub_lib\stm32_ub_vga_screen.o
                                0xd93 (size before relaxing)
 .debug_str     0x00003013      0x115 Libraries\ub_lib\uart.o
                               0x10fd (size before relaxing)
 .debug_str     0x00003128       0x13 src\main.o
                                0x7f8 (size before relaxing)
 .debug_str     0x0000313b       0xa6 src\stm32f4xx_it.o
                                0x2b3 (size before relaxing)
 .debug_str     0x000031e1       0x8f src\system_stm32f4xx.o
                                0x446 (size before relaxing)
 .debug_str     0x00003270       0x32 src\terminal_input.o
                                0x803 (size before relaxing)

.comment        0x00000000       0x7c
 .comment       0x00000000       0x7c Libraries\API-LIB\Source\bitmap.o
                                 0x7d (size before relaxing)
 .comment       0x0000007c       0x7d Libraries\API-LIB\Source\clr_screen.o
 .comment       0x0000007c       0x7d Libraries\API-LIB\Source\ellips.o
 .comment       0x0000007c       0x7d Libraries\API-LIB\Source\letter_select.o
 .comment       0x0000007c       0x7d Libraries\API-LIB\Source\line.o
 .comment       0x0000007c       0x7d Libraries\API-LIB\Source\rectangle.o
 .comment       0x0000007c       0x7d Libraries\API-LIB\Source\text.o
 .comment       0x0000007c       0x7d Libraries\API-LIB\Source\triangle.o
 .comment       0x0000007c       0x7d Libraries\API-LIB\Source\wait_ms.o
 .comment       0x0000007c       0x7d Libraries\STM32F4xx_StdPeriph_Driver\src\misc.o
 .comment       0x0000007c       0x7d Libraries\STM32F4xx_StdPeriph_Driver\src\stm32f4xx_dma.o
 .comment       0x0000007c       0x7d Libraries\STM32F4xx_StdPeriph_Driver\src\stm32f4xx_gpio.o
 .comment       0x0000007c       0x7d Libraries\STM32F4xx_StdPeriph_Driver\src\stm32f4xx_rcc.o
 .comment       0x0000007c       0x7d Libraries\STM32F4xx_StdPeriph_Driver\src\stm32f4xx_tim.o
 .comment       0x0000007c       0x7d Libraries\STM32F4xx_StdPeriph_Driver\src\stm32f4xx_usart.o
 .comment       0x0000007c       0x7d Libraries\ub_lib\delay.o
 .comment       0x0000007c       0x7d Libraries\ub_lib\stm32_ub_vga_screen.o
 .comment       0x0000007c       0x7d Libraries\ub_lib\uart.o
 .comment       0x0000007c       0x7d src\main.o
 .comment       0x0000007c       0x7d src\stm32f4xx_it.o
 .comment       0x0000007c       0x7d src\system_stm32f4xx.o
 .comment       0x0000007c       0x7d src\terminal_input.o

.debug_frame    0x00000000     0x2ca4
 .debug_frame   0x00000000       0x40 Libraries\API-LIB\Source\bitmap.o
 .debug_frame   0x00000040       0x34 Libraries\API-LIB\Source\clr_screen.o
 .debug_frame   0x00000074       0x34 Libraries\API-LIB\Source\ellips.o
 .debug_frame   0x000000a8       0x3c Libraries\API-LIB\Source\letter_select.o
 .debug_frame   0x000000e4       0x38 Libraries\API-LIB\Source\line.o
 .debug_frame   0x0000011c       0x34 Libraries\API-LIB\Source\rectangle.o
 .debug_frame   0x00000150       0x34 Libraries\API-LIB\Source\text.o
 .debug_frame   0x00000184       0x34 Libraries\API-LIB\Source\triangle.o
 .debug_frame   0x000001b8       0x34 Libraries\API-LIB\Source\wait_ms.o
 .debug_frame   0x000001ec       0xd8 Libraries\STM32F4xx_StdPeriph_Driver\src\misc.o
 .debug_frame   0x000002c4      0x308 Libraries\STM32F4xx_StdPeriph_Driver\src\stm32f4xx_dma.o
 .debug_frame   0x000005cc      0x23c Libraries\STM32F4xx_StdPeriph_Driver\src\stm32f4xx_gpio.o
 .debug_frame   0x00000808      0x6fc Libraries\STM32F4xx_StdPeriph_Driver\src\stm32f4xx_rcc.o
 .debug_frame   0x00000f04      0xe54 Libraries\STM32F4xx_StdPeriph_Driver\src\stm32f4xx_tim.o
 .debug_frame   0x00001d58      0x490 Libraries\STM32F4xx_StdPeriph_Driver\src\stm32f4xx_usart.o
 .debug_frame   0x000021e8       0xb0 Libraries\ub_lib\delay.o
 .debug_frame   0x00002298      0x148 Libraries\ub_lib\stm32_ub_vga_screen.o
 .debug_frame   0x000023e0      0x198 Libraries\ub_lib\uart.o
 .debug_frame   0x00002578       0x30 src\main.o
 .debug_frame   0x000025a8      0x110 src\stm32f4xx_it.o
 .debug_frame   0x000026b8       0x7c src\system_stm32f4xx.o
 .debug_frame   0x00002734       0x68 src\terminal_input.o
 .debug_frame   0x0000279c       0x30 c:/program files (x86)/atollic/truestudio for stm32 9.0.0/armtools/bin/../lib/gcc/arm-atollic-eabi/6.3.1/../../../../arm-atollic-eabi/lib/armv7e-m/fpu\libc.a(lib_a-atoi.o)
 .debug_frame   0x000027cc       0x2c c:/program files (x86)/atollic/truestudio for stm32 9.0.0/armtools/bin/../lib/gcc/arm-atollic-eabi/6.3.1/../../../../arm-atollic-eabi/lib/armv7e-m/fpu\libc.a(lib_a-init.o)
 .debug_frame   0x000027f8       0x28 c:/program files (x86)/atollic/truestudio for stm32 9.0.0/armtools/bin/../lib/gcc/arm-atollic-eabi/6.3.1/../../../../arm-atollic-eabi/lib/armv7e-m/fpu\libc.a(lib_a-memcpy-stub.o)
 .debug_frame   0x00002820       0x20 c:/program files (x86)/atollic/truestudio for stm32 9.0.0/armtools/bin/../lib/gcc/arm-atollic-eabi/6.3.1/../../../../arm-atollic-eabi/lib/armv7e-m/fpu\libc.a(lib_a-strcmp.o)
 .debug_frame   0x00002840       0x20 c:/program files (x86)/atollic/truestudio for stm32 9.0.0/armtools/bin/../lib/gcc/arm-atollic-eabi/6.3.1/../../../../arm-atollic-eabi/lib/armv7e-m/fpu\libc.a(lib_a-strcpy.o)
 .debug_frame   0x00002860       0x38 c:/program files (x86)/atollic/truestudio for stm32 9.0.0/armtools/bin/../lib/gcc/arm-atollic-eabi/6.3.1/../../../../arm-atollic-eabi/lib/armv7e-m/fpu\libc.a(lib_a-strtok.o)
 .debug_frame   0x00002898       0x40 c:/program files (x86)/atollic/truestudio for stm32 9.0.0/armtools/bin/../lib/gcc/arm-atollic-eabi/6.3.1/../../../../arm-atollic-eabi/lib/armv7e-m/fpu\libc.a(lib_a-strtok_r.o)
 .debug_frame   0x000028d8       0x88 c:/program files (x86)/atollic/truestudio for stm32 9.0.0/armtools/bin/../lib/gcc/arm-atollic-eabi/6.3.1/../../../../arm-atollic-eabi/lib/armv7e-m/fpu\libc.a(lib_a-strtol.o)
 .debug_frame   0x00002960       0x68 c:/program files (x86)/atollic/truestudio for stm32 9.0.0/armtools/bin/../lib/gcc/arm-atollic-eabi/6.3.1/../../../../arm-atollic-eabi/lib/armv7e-m/fpu\libc.a(lib_a-locale.o)
 .debug_frame   0x000029c8       0x30 c:/program files (x86)/atollic/truestudio for stm32 9.0.0/armtools/bin/../lib/gcc/arm-atollic-eabi/6.3.1/../../../../arm-atollic-eabi/lib/armv7e-m/fpu\libc.a(lib_a-malloc.o)
 .debug_frame   0x000029f8       0x40 c:/program files (x86)/atollic/truestudio for stm32 9.0.0/armtools/bin/../lib/gcc/arm-atollic-eabi/6.3.1/../../../../arm-atollic-eabi/lib/armv7e-m/fpu\libc.a(lib_a-mallocr.o)
 .debug_frame   0x00002a38       0x48 c:/program files (x86)/atollic/truestudio for stm32 9.0.0/armtools/bin/../lib/gcc/arm-atollic-eabi/6.3.1/../../../../arm-atollic-eabi/lib/armv7e-m/fpu\libc.a(lib_a-mbtowc_r.o)
 .debug_frame   0x00002a80       0x30 c:/program files (x86)/atollic/truestudio for stm32 9.0.0/armtools/bin/../lib/gcc/arm-atollic-eabi/6.3.1/../../../../arm-atollic-eabi/lib/armv7e-m/fpu\libc.a(lib_a-mlock.o)
 .debug_frame   0x00002ab0       0x2c c:/program files (x86)/atollic/truestudio for stm32 9.0.0/armtools/bin/../lib/gcc/arm-atollic-eabi/6.3.1/../../../../arm-atollic-eabi/lib/armv7e-m/fpu\libc.a(lib_a-sbrkr.o)
 .debug_frame   0x00002adc       0x3c c:/program files (x86)/atollic/truestudio for stm32 9.0.0/armtools/bin/../lib/gcc/arm-atollic-eabi/6.3.1/../../../../arm-atollic-eabi/lib/armv7e-m/fpu\libc.a(lib_a-wctomb_r.o)
 .debug_frame   0x00002b18       0x60 c:/program files (x86)/atollic/truestudio for stm32 9.0.0/armtools/bin/../lib/gcc/arm-atollic-eabi/6.3.1/../../../../arm-atollic-eabi/lib/armv7e-m/fpu\libc.a(lib_a-freer.o)
 .debug_frame   0x00002b78       0xb0 c:/program files (x86)/atollic/truestudio for stm32 9.0.0/armtools/bin/../lib/gcc/arm-atollic-eabi/6.3.1/../../../../arm-atollic-eabi/lib/armv7e-m/fpu\libc.a(lib_a-lock.o)
 .debug_frame   0x00002c28       0x5c c:/program files (x86)/atollic/truestudio for stm32 9.0.0/armtools/bin/../lib/gcc/arm-atollic-eabi/6.3.1/../../../../arm-atollic-eabi/lib/armv7e-m/fpu\libc.a(lib_a-reent.o)
 .debug_frame   0x00002c84       0x20 c:/program files (x86)/atollic/truestudio for stm32 9.0.0/armtools/bin/../lib/gcc/arm-atollic-eabi/6.3.1/../../../../arm-atollic-eabi/lib/armv7e-m/fpu\libnosys.a(sbrk.o)

.stabstr        0x00000000       0x3f
 .stabstr       0x00000000       0x3f c:/program files (x86)/atollic/truestudio for stm32 9.0.0/armtools/bin/../lib/gcc/arm-atollic-eabi/6.3.1/../../../../arm-atollic-eabi/lib/armv7e-m/fpu\libnosys.a(write.o)

Cross Reference Table

Symbol                                            File
ADC_AnalogWatchdogCmd                             Libraries\STM32F4xx_StdPeriph_Driver\src\stm32f4xx_adc.o
ADC_AnalogWatchdogSingleChannelConfig             Libraries\STM32F4xx_StdPeriph_Driver\src\stm32f4xx_adc.o
ADC_AnalogWatchdogThresholdsConfig                Libraries\STM32F4xx_StdPeriph_Driver\src\stm32f4xx_adc.o
ADC_AutoInjectedConvCmd                           Libraries\STM32F4xx_StdPeriph_Driver\src\stm32f4xx_adc.o
ADC_ClearFlag                                     Libraries\STM32F4xx_StdPeriph_Driver\src\stm32f4xx_adc.o
ADC_ClearITPendingBit                             Libraries\STM32F4xx_StdPeriph_Driver\src\stm32f4xx_adc.o
ADC_Cmd                                           Libraries\STM32F4xx_StdPeriph_Driver\src\stm32f4xx_adc.o
ADC_CommonInit                                    Libraries\STM32F4xx_StdPeriph_Driver\src\stm32f4xx_adc.o
ADC_CommonStructInit                              Libraries\STM32F4xx_StdPeriph_Driver\src\stm32f4xx_adc.o
ADC_ContinuousModeCmd                             Libraries\STM32F4xx_StdPeriph_Driver\src\stm32f4xx_adc.o
ADC_DMACmd                                        Libraries\STM32F4xx_StdPeriph_Driver\src\stm32f4xx_adc.o
ADC_DMARequestAfterLastTransferCmd                Libraries\STM32F4xx_StdPeriph_Driver\src\stm32f4xx_adc.o
ADC_DeInit                                        Libraries\STM32F4xx_StdPeriph_Driver\src\stm32f4xx_adc.o
ADC_DiscModeChannelCountConfig                    Libraries\STM32F4xx_StdPeriph_Driver\src\stm32f4xx_adc.o
ADC_DiscModeCmd                                   Libraries\STM32F4xx_StdPeriph_Driver\src\stm32f4xx_adc.o
ADC_EOCOnEachRegularChannelCmd                    Libraries\STM32F4xx_StdPeriph_Driver\src\stm32f4xx_adc.o
ADC_ExternalTrigInjectedConvConfig                Libraries\STM32F4xx_StdPeriph_Driver\src\stm32f4xx_adc.o
ADC_ExternalTrigInjectedConvEdgeConfig            Libraries\STM32F4xx_StdPeriph_Driver\src\stm32f4xx_adc.o
ADC_GetConversionValue                            Libraries\STM32F4xx_StdPeriph_Driver\src\stm32f4xx_adc.o
ADC_GetFlagStatus                                 Libraries\STM32F4xx_StdPeriph_Driver\src\stm32f4xx_adc.o
ADC_GetITStatus                                   Libraries\STM32F4xx_StdPeriph_Driver\src\stm32f4xx_adc.o
ADC_GetInjectedConversionValue                    Libraries\STM32F4xx_StdPeriph_Driver\src\stm32f4xx_adc.o
ADC_GetMultiModeConversionValue                   Libraries\STM32F4xx_StdPeriph_Driver\src\stm32f4xx_adc.o
ADC_GetSoftwareStartConvStatus                    Libraries\STM32F4xx_StdPeriph_Driver\src\stm32f4xx_adc.o
ADC_GetSoftwareStartInjectedConvCmdStatus         Libraries\STM32F4xx_StdPeriph_Driver\src\stm32f4xx_adc.o
ADC_IRQHandler                                    src\startup_stm32f40xx.o
ADC_ITConfig                                      Libraries\STM32F4xx_StdPeriph_Driver\src\stm32f4xx_adc.o
ADC_Init                                          Libraries\STM32F4xx_StdPeriph_Driver\src\stm32f4xx_adc.o
ADC_InjectedChannelConfig                         Libraries\STM32F4xx_StdPeriph_Driver\src\stm32f4xx_adc.o
ADC_InjectedDiscModeCmd                           Libraries\STM32F4xx_StdPeriph_Driver\src\stm32f4xx_adc.o
ADC_InjectedSequencerLengthConfig                 Libraries\STM32F4xx_StdPeriph_Driver\src\stm32f4xx_adc.o
ADC_MultiModeDMARequestAfterLastTransferCmd       Libraries\STM32F4xx_StdPeriph_Driver\src\stm32f4xx_adc.o
ADC_RegularChannelConfig                          Libraries\STM32F4xx_StdPeriph_Driver\src\stm32f4xx_adc.o
ADC_SetInjectedOffset                             Libraries\STM32F4xx_StdPeriph_Driver\src\stm32f4xx_adc.o
ADC_SoftwareStartConv                             Libraries\STM32F4xx_StdPeriph_Driver\src\stm32f4xx_adc.o
ADC_SoftwareStartInjectedConv                     Libraries\STM32F4xx_StdPeriph_Driver\src\stm32f4xx_adc.o
ADC_StructInit                                    Libraries\STM32F4xx_StdPeriph_Driver\src\stm32f4xx_adc.o
ADC_TempSensorVrefintCmd                          Libraries\STM32F4xx_StdPeriph_Driver\src\stm32f4xx_adc.o
ADC_VBATCmd                                       Libraries\STM32F4xx_StdPeriph_Driver\src\stm32f4xx_adc.o
AHBPrescTable                                     src\system_stm32f4xx.o
BusFault_Handler                                  src\stm32f4xx_it.o
                                                  src\startup_stm32f40xx.o
CAN1_RX0_IRQHandler                               src\startup_stm32f40xx.o
CAN1_RX1_IRQHandler                               src\startup_stm32f40xx.o
CAN1_SCE_IRQHandler                               src\startup_stm32f40xx.o
CAN1_TX_IRQHandler                                src\startup_stm32f40xx.o
CAN2_RX0_IRQHandler                               src\startup_stm32f40xx.o
CAN2_RX1_IRQHandler                               src\startup_stm32f40xx.o
CAN2_SCE_IRQHandler                               src\startup_stm32f40xx.o
CAN2_TX_IRQHandler                                src\startup_stm32f40xx.o
CAN_CancelTransmit                                Libraries\STM32F4xx_StdPeriph_Driver\src\stm32f4xx_can.o
CAN_ClearFlag                                     Libraries\STM32F4xx_StdPeriph_Driver\src\stm32f4xx_can.o
CAN_ClearITPendingBit                             Libraries\STM32F4xx_StdPeriph_Driver\src\stm32f4xx_can.o
CAN_DBGFreeze                                     Libraries\STM32F4xx_StdPeriph_Driver\src\stm32f4xx_can.o
CAN_DeInit                                        Libraries\STM32F4xx_StdPeriph_Driver\src\stm32f4xx_can.o
CAN_FIFORelease                                   Libraries\STM32F4xx_StdPeriph_Driver\src\stm32f4xx_can.o
CAN_FilterInit                                    Libraries\STM32F4xx_StdPeriph_Driver\src\stm32f4xx_can.o
CAN_GetFlagStatus                                 Libraries\STM32F4xx_StdPeriph_Driver\src\stm32f4xx_can.o
CAN_GetITStatus                                   Libraries\STM32F4xx_StdPeriph_Driver\src\stm32f4xx_can.o
CAN_GetLSBTransmitErrorCounter                    Libraries\STM32F4xx_StdPeriph_Driver\src\stm32f4xx_can.o
CAN_GetLastErrorCode                              Libraries\STM32F4xx_StdPeriph_Driver\src\stm32f4xx_can.o
CAN_GetReceiveErrorCounter                        Libraries\STM32F4xx_StdPeriph_Driver\src\stm32f4xx_can.o
CAN_ITConfig                                      Libraries\STM32F4xx_StdPeriph_Driver\src\stm32f4xx_can.o
CAN_Init                                          Libraries\STM32F4xx_StdPeriph_Driver\src\stm32f4xx_can.o
CAN_MessagePending                                Libraries\STM32F4xx_StdPeriph_Driver\src\stm32f4xx_can.o
CAN_OperatingModeRequest                          Libraries\STM32F4xx_StdPeriph_Driver\src\stm32f4xx_can.o
CAN_Receive                                       Libraries\STM32F4xx_StdPeriph_Driver\src\stm32f4xx_can.o
CAN_SlaveStartBank                                Libraries\STM32F4xx_StdPeriph_Driver\src\stm32f4xx_can.o
CAN_Sleep                                         Libraries\STM32F4xx_StdPeriph_Driver\src\stm32f4xx_can.o
CAN_StructInit                                    Libraries\STM32F4xx_StdPeriph_Driver\src\stm32f4xx_can.o
CAN_TTComModeCmd                                  Libraries\STM32F4xx_StdPeriph_Driver\src\stm32f4xx_can.o
CAN_Transmit                                      Libraries\STM32F4xx_StdPeriph_Driver\src\stm32f4xx_can.o
CAN_TransmitStatus                                Libraries\STM32F4xx_StdPeriph_Driver\src\stm32f4xx_can.o
CAN_WakeUp                                        Libraries\STM32F4xx_StdPeriph_Driver\src\stm32f4xx_can.o
CRC_CalcBlockCRC                                  Libraries\STM32F4xx_StdPeriph_Driver\src\stm32f4xx_crc.o
CRC_CalcCRC                                       Libraries\STM32F4xx_StdPeriph_Driver\src\stm32f4xx_crc.o
CRC_GetCRC                                        Libraries\STM32F4xx_StdPeriph_Driver\src\stm32f4xx_crc.o
CRC_GetIDRegister                                 Libraries\STM32F4xx_StdPeriph_Driver\src\stm32f4xx_crc.o
CRC_ResetDR                                       Libraries\STM32F4xx_StdPeriph_Driver\src\stm32f4xx_crc.o
CRC_SetIDRegister                                 Libraries\STM32F4xx_StdPeriph_Driver\src\stm32f4xx_crc.o
CRYP_AES_CBC                                      Libraries\STM32F4xx_StdPeriph_Driver\src\stm32f4xx_cryp_aes.o
CRYP_AES_CCM                                      Libraries\STM32F4xx_StdPeriph_Driver\src\stm32f4xx_cryp_aes.o
CRYP_AES_CTR                                      Libraries\STM32F4xx_StdPeriph_Driver\src\stm32f4xx_cryp_aes.o
CRYP_AES_ECB                                      Libraries\STM32F4xx_StdPeriph_Driver\src\stm32f4xx_cryp_aes.o
CRYP_AES_GCM                                      Libraries\STM32F4xx_StdPeriph_Driver\src\stm32f4xx_cryp_aes.o
CRYP_Cmd                                          Libraries\STM32F4xx_StdPeriph_Driver\src\stm32f4xx_cryp.o
                                                  Libraries\STM32F4xx_StdPeriph_Driver\src\stm32f4xx_cryp_tdes.o
                                                  Libraries\STM32F4xx_StdPeriph_Driver\src\stm32f4xx_cryp_des.o
                                                  Libraries\STM32F4xx_StdPeriph_Driver\src\stm32f4xx_cryp_aes.o
CRYP_DES_CBC                                      Libraries\STM32F4xx_StdPeriph_Driver\src\stm32f4xx_cryp_des.o
CRYP_DES_ECB                                      Libraries\STM32F4xx_StdPeriph_Driver\src\stm32f4xx_cryp_des.o
CRYP_DMACmd                                       Libraries\STM32F4xx_StdPeriph_Driver\src\stm32f4xx_cryp.o
CRYP_DataIn                                       Libraries\STM32F4xx_StdPeriph_Driver\src\stm32f4xx_cryp.o
                                                  Libraries\STM32F4xx_StdPeriph_Driver\src\stm32f4xx_cryp_tdes.o
                                                  Libraries\STM32F4xx_StdPeriph_Driver\src\stm32f4xx_cryp_des.o
                                                  Libraries\STM32F4xx_StdPeriph_Driver\src\stm32f4xx_cryp_aes.o
CRYP_DataOut                                      Libraries\STM32F4xx_StdPeriph_Driver\src\stm32f4xx_cryp.o
                                                  Libraries\STM32F4xx_StdPeriph_Driver\src\stm32f4xx_cryp_tdes.o
                                                  Libraries\STM32F4xx_StdPeriph_Driver\src\stm32f4xx_cryp_des.o
                                                  Libraries\STM32F4xx_StdPeriph_Driver\src\stm32f4xx_cryp_aes.o
CRYP_DeInit                                       Libraries\STM32F4xx_StdPeriph_Driver\src\stm32f4xx_cryp.o
CRYP_FIFOFlush                                    Libraries\STM32F4xx_StdPeriph_Driver\src\stm32f4xx_cryp.o
                                                  Libraries\STM32F4xx_StdPeriph_Driver\src\stm32f4xx_cryp_tdes.o
                                                  Libraries\STM32F4xx_StdPeriph_Driver\src\stm32f4xx_cryp_des.o
                                                  Libraries\STM32F4xx_StdPeriph_Driver\src\stm32f4xx_cryp_aes.o
CRYP_GetCmdStatus                                 Libraries\STM32F4xx_StdPeriph_Driver\src\stm32f4xx_cryp.o
                                                  Libraries\STM32F4xx_StdPeriph_Driver\src\stm32f4xx_cryp_tdes.o
                                                  Libraries\STM32F4xx_StdPeriph_Driver\src\stm32f4xx_cryp_des.o
                                                  Libraries\STM32F4xx_StdPeriph_Driver\src\stm32f4xx_cryp_aes.o
CRYP_GetFlagStatus                                Libraries\STM32F4xx_StdPeriph_Driver\src\stm32f4xx_cryp.o
                                                  Libraries\STM32F4xx_StdPeriph_Driver\src\stm32f4xx_cryp_tdes.o
                                                  Libraries\STM32F4xx_StdPeriph_Driver\src\stm32f4xx_cryp_des.o
                                                  Libraries\STM32F4xx_StdPeriph_Driver\src\stm32f4xx_cryp_aes.o
CRYP_GetITStatus                                  Libraries\STM32F4xx_StdPeriph_Driver\src\stm32f4xx_cryp.o
CRYP_IRQHandler                                   src\startup_stm32f40xx.o
CRYP_ITConfig                                     Libraries\STM32F4xx_StdPeriph_Driver\src\stm32f4xx_cryp.o
CRYP_IVInit                                       Libraries\STM32F4xx_StdPeriph_Driver\src\stm32f4xx_cryp.o
                                                  Libraries\STM32F4xx_StdPeriph_Driver\src\stm32f4xx_cryp_tdes.o
                                                  Libraries\STM32F4xx_StdPeriph_Driver\src\stm32f4xx_cryp_des.o
                                                  Libraries\STM32F4xx_StdPeriph_Driver\src\stm32f4xx_cryp_aes.o
CRYP_IVStructInit                                 Libraries\STM32F4xx_StdPeriph_Driver\src\stm32f4xx_cryp.o
CRYP_Init                                         Libraries\STM32F4xx_StdPeriph_Driver\src\stm32f4xx_cryp.o
                                                  Libraries\STM32F4xx_StdPeriph_Driver\src\stm32f4xx_cryp_tdes.o
                                                  Libraries\STM32F4xx_StdPeriph_Driver\src\stm32f4xx_cryp_des.o
                                                  Libraries\STM32F4xx_StdPeriph_Driver\src\stm32f4xx_cryp_aes.o
CRYP_KeyInit                                      Libraries\STM32F4xx_StdPeriph_Driver\src\stm32f4xx_cryp.o
                                                  Libraries\STM32F4xx_StdPeriph_Driver\src\stm32f4xx_cryp_tdes.o
                                                  Libraries\STM32F4xx_StdPeriph_Driver\src\stm32f4xx_cryp_des.o
                                                  Libraries\STM32F4xx_StdPeriph_Driver\src\stm32f4xx_cryp_aes.o
CRYP_KeyStructInit                                Libraries\STM32F4xx_StdPeriph_Driver\src\stm32f4xx_cryp.o
                                                  Libraries\STM32F4xx_StdPeriph_Driver\src\stm32f4xx_cryp_tdes.o
                                                  Libraries\STM32F4xx_StdPeriph_Driver\src\stm32f4xx_cryp_des.o
                                                  Libraries\STM32F4xx_StdPeriph_Driver\src\stm32f4xx_cryp_aes.o
CRYP_PhaseConfig                                  Libraries\STM32F4xx_StdPeriph_Driver\src\stm32f4xx_cryp.o
                                                  Libraries\STM32F4xx_StdPeriph_Driver\src\stm32f4xx_cryp_aes.o
CRYP_RestoreContext                               Libraries\STM32F4xx_StdPeriph_Driver\src\stm32f4xx_cryp.o
CRYP_SaveContext                                  Libraries\STM32F4xx_StdPeriph_Driver\src\stm32f4xx_cryp.o
CRYP_StructInit                                   Libraries\STM32F4xx_StdPeriph_Driver\src\stm32f4xx_cryp.o
CRYP_TDES_CBC                                     Libraries\STM32F4xx_StdPeriph_Driver\src\stm32f4xx_cryp_tdes.o
CRYP_TDES_ECB                                     Libraries\STM32F4xx_StdPeriph_Driver\src\stm32f4xx_cryp_tdes.o
DAC_ClearFlag                                     Libraries\STM32F4xx_StdPeriph_Driver\src\stm32f4xx_dac.o
DAC_ClearITPendingBit                             Libraries\STM32F4xx_StdPeriph_Driver\src\stm32f4xx_dac.o
DAC_Cmd                                           Libraries\STM32F4xx_StdPeriph_Driver\src\stm32f4xx_dac.o
DAC_DMACmd                                        Libraries\STM32F4xx_StdPeriph_Driver\src\stm32f4xx_dac.o
DAC_DeInit                                        Libraries\STM32F4xx_StdPeriph_Driver\src\stm32f4xx_dac.o
DAC_DualSoftwareTriggerCmd                        Libraries\STM32F4xx_StdPeriph_Driver\src\stm32f4xx_dac.o
DAC_GetDataOutputValue                            Libraries\STM32F4xx_StdPeriph_Driver\src\stm32f4xx_dac.o
DAC_GetFlagStatus                                 Libraries\STM32F4xx_StdPeriph_Driver\src\stm32f4xx_dac.o
DAC_GetITStatus                                   Libraries\STM32F4xx_StdPeriph_Driver\src\stm32f4xx_dac.o
DAC_ITConfig                                      Libraries\STM32F4xx_StdPeriph_Driver\src\stm32f4xx_dac.o
DAC_Init                                          Libraries\STM32F4xx_StdPeriph_Driver\src\stm32f4xx_dac.o
DAC_SetChannel1Data                               Libraries\STM32F4xx_StdPeriph_Driver\src\stm32f4xx_dac.o
DAC_SetChannel2Data                               Libraries\STM32F4xx_StdPeriph_Driver\src\stm32f4xx_dac.o
DAC_SetDualChannelData                            Libraries\STM32F4xx_StdPeriph_Driver\src\stm32f4xx_dac.o
DAC_SoftwareTriggerCmd                            Libraries\STM32F4xx_StdPeriph_Driver\src\stm32f4xx_dac.o
DAC_StructInit                                    Libraries\STM32F4xx_StdPeriph_Driver\src\stm32f4xx_dac.o
DAC_WaveGenerationCmd                             Libraries\STM32F4xx_StdPeriph_Driver\src\stm32f4xx_dac.o
DBGMCU_APB1PeriphConfig                           Libraries\STM32F4xx_StdPeriph_Driver\src\stm32f4xx_dbgmcu.o
DBGMCU_APB2PeriphConfig                           Libraries\STM32F4xx_StdPeriph_Driver\src\stm32f4xx_dbgmcu.o
DBGMCU_Config                                     Libraries\STM32F4xx_StdPeriph_Driver\src\stm32f4xx_dbgmcu.o
DBGMCU_GetDEVID                                   Libraries\STM32F4xx_StdPeriph_Driver\src\stm32f4xx_dbgmcu.o
DBGMCU_GetREVID                                   Libraries\STM32F4xx_StdPeriph_Driver\src\stm32f4xx_dbgmcu.o
DCMI_CROPCmd                                      Libraries\STM32F4xx_StdPeriph_Driver\src\stm32f4xx_dcmi.o
DCMI_CROPConfig                                   Libraries\STM32F4xx_StdPeriph_Driver\src\stm32f4xx_dcmi.o
DCMI_CaptureCmd                                   Libraries\STM32F4xx_StdPeriph_Driver\src\stm32f4xx_dcmi.o
DCMI_ClearFlag                                    Libraries\STM32F4xx_StdPeriph_Driver\src\stm32f4xx_dcmi.o
DCMI_ClearITPendingBit                            Libraries\STM32F4xx_StdPeriph_Driver\src\stm32f4xx_dcmi.o
DCMI_Cmd                                          Libraries\STM32F4xx_StdPeriph_Driver\src\stm32f4xx_dcmi.o
DCMI_DeInit                                       Libraries\STM32F4xx_StdPeriph_Driver\src\stm32f4xx_dcmi.o
DCMI_GetFlagStatus                                Libraries\STM32F4xx_StdPeriph_Driver\src\stm32f4xx_dcmi.o
DCMI_GetITStatus                                  Libraries\STM32F4xx_StdPeriph_Driver\src\stm32f4xx_dcmi.o
DCMI_IRQHandler                                   src\startup_stm32f40xx.o
DCMI_ITConfig                                     Libraries\STM32F4xx_StdPeriph_Driver\src\stm32f4xx_dcmi.o
DCMI_Init                                         Libraries\STM32F4xx_StdPeriph_Driver\src\stm32f4xx_dcmi.o
DCMI_JPEGCmd                                      Libraries\STM32F4xx_StdPeriph_Driver\src\stm32f4xx_dcmi.o
DCMI_ReadData                                     Libraries\STM32F4xx_StdPeriph_Driver\src\stm32f4xx_dcmi.o
DCMI_SetEmbeddedSynchroCodes                      Libraries\STM32F4xx_StdPeriph_Driver\src\stm32f4xx_dcmi.o
DCMI_StructInit                                   Libraries\STM32F4xx_StdPeriph_Driver\src\stm32f4xx_dcmi.o
DELAY_init                                        Libraries\ub_lib\delay.o
DELAY_ms                                          Libraries\ub_lib\delay.o
                                                  Libraries\API-LIB\Source\wait_ms.o
DELAY_s                                           Libraries\ub_lib\delay.o
DELAY_us                                          Libraries\ub_lib\delay.o
DMA1_Stream0_IRQHandler                           src\startup_stm32f40xx.o
DMA1_Stream1_IRQHandler                           src\startup_stm32f40xx.o
DMA1_Stream2_IRQHandler                           src\startup_stm32f40xx.o
DMA1_Stream3_IRQHandler                           src\startup_stm32f40xx.o
DMA1_Stream4_IRQHandler                           src\startup_stm32f40xx.o
DMA1_Stream5_IRQHandler                           src\startup_stm32f40xx.o
DMA1_Stream6_IRQHandler                           src\startup_stm32f40xx.o
DMA1_Stream7_IRQHandler                           src\startup_stm32f40xx.o
DMA2_Stream0_IRQHandler                           src\startup_stm32f40xx.o
DMA2_Stream1_IRQHandler                           src\startup_stm32f40xx.o
DMA2_Stream2_IRQHandler                           src\startup_stm32f40xx.o
DMA2_Stream3_IRQHandler                           src\startup_stm32f40xx.o
DMA2_Stream4_IRQHandler                           src\startup_stm32f40xx.o
DMA2_Stream5_IRQHandler                           Libraries\ub_lib\stm32_ub_vga_screen.o
DMA2_Stream6_IRQHandler                           src\startup_stm32f40xx.o
DMA2_Stream7_IRQHandler                           src\startup_stm32f40xx.o
DMA_ClearFlag                                     Libraries\STM32F4xx_StdPeriph_Driver\src\stm32f4xx_dma.o
DMA_ClearITPendingBit                             Libraries\STM32F4xx_StdPeriph_Driver\src\stm32f4xx_dma.o
                                                  Libraries\ub_lib\stm32_ub_vga_screen.o
DMA_Cmd                                           Libraries\STM32F4xx_StdPeriph_Driver\src\stm32f4xx_dma.o
                                                  Libraries\ub_lib\stm32_ub_vga_screen.o
DMA_DeInit                                        Libraries\STM32F4xx_StdPeriph_Driver\src\stm32f4xx_dma.o
                                                  Libraries\ub_lib\stm32_ub_vga_screen.o
DMA_DoubleBufferModeCmd                           Libraries\STM32F4xx_StdPeriph_Driver\src\stm32f4xx_dma.o
DMA_DoubleBufferModeConfig                        Libraries\STM32F4xx_StdPeriph_Driver\src\stm32f4xx_dma.o
DMA_FlowControllerConfig                          Libraries\STM32F4xx_StdPeriph_Driver\src\stm32f4xx_dma.o
DMA_GetCmdStatus                                  Libraries\STM32F4xx_StdPeriph_Driver\src\stm32f4xx_dma.o
DMA_GetCurrDataCounter                            Libraries\STM32F4xx_StdPeriph_Driver\src\stm32f4xx_dma.o
DMA_GetCurrentMemoryTarget                        Libraries\STM32F4xx_StdPeriph_Driver\src\stm32f4xx_dma.o
DMA_GetFIFOStatus                                 Libraries\STM32F4xx_StdPeriph_Driver\src\stm32f4xx_dma.o
DMA_GetFlagStatus                                 Libraries\STM32F4xx_StdPeriph_Driver\src\stm32f4xx_dma.o
DMA_GetITStatus                                   Libraries\STM32F4xx_StdPeriph_Driver\src\stm32f4xx_dma.o
                                                  Libraries\ub_lib\stm32_ub_vga_screen.o
DMA_ITConfig                                      Libraries\STM32F4xx_StdPeriph_Driver\src\stm32f4xx_dma.o
                                                  Libraries\ub_lib\stm32_ub_vga_screen.o
DMA_Init                                          Libraries\STM32F4xx_StdPeriph_Driver\src\stm32f4xx_dma.o
                                                  Libraries\ub_lib\stm32_ub_vga_screen.o
DMA_MemoryTargetConfig                            Libraries\STM32F4xx_StdPeriph_Driver\src\stm32f4xx_dma.o
DMA_PeriphIncOffsetSizeConfig                     Libraries\STM32F4xx_StdPeriph_Driver\src\stm32f4xx_dma.o
DMA_SetCurrDataCounter                            Libraries\STM32F4xx_StdPeriph_Driver\src\stm32f4xx_dma.o
DMA_StructInit                                    Libraries\STM32F4xx_StdPeriph_Driver\src\stm32f4xx_dma.o
D_S                                               Libraries\ub_lib\delay.o
D_mS                                              Libraries\ub_lib\delay.o
D_uS                                              Libraries\ub_lib\delay.o
DebugMon_Handler                                  src\stm32f4xx_it.o
                                                  src\startup_stm32f40xx.o
Default_Handler                                   src\startup_stm32f40xx.o
ETH_IRQHandler                                    src\startup_stm32f40xx.o
ETH_WKUP_IRQHandler                               src\startup_stm32f40xx.o
EXTI0_IRQHandler                                  src\startup_stm32f40xx.o
EXTI15_10_IRQHandler                              src\startup_stm32f40xx.o
EXTI1_IRQHandler                                  src\startup_stm32f40xx.o
EXTI2_IRQHandler                                  src\startup_stm32f40xx.o
EXTI3_IRQHandler                                  src\startup_stm32f40xx.o
EXTI4_IRQHandler                                  src\startup_stm32f40xx.o
EXTI9_5_IRQHandler                                src\startup_stm32f40xx.o
EXTI_ClearFlag                                    Libraries\STM32F4xx_StdPeriph_Driver\src\stm32f4xx_exti.o
EXTI_ClearITPendingBit                            Libraries\STM32F4xx_StdPeriph_Driver\src\stm32f4xx_exti.o
EXTI_DeInit                                       Libraries\STM32F4xx_StdPeriph_Driver\src\stm32f4xx_exti.o
EXTI_GenerateSWInterrupt                          Libraries\STM32F4xx_StdPeriph_Driver\src\stm32f4xx_exti.o
EXTI_GetFlagStatus                                Libraries\STM32F4xx_StdPeriph_Driver\src\stm32f4xx_exti.o
EXTI_GetITStatus                                  Libraries\STM32F4xx_StdPeriph_Driver\src\stm32f4xx_exti.o
EXTI_Init                                         Libraries\STM32F4xx_StdPeriph_Driver\src\stm32f4xx_exti.o
EXTI_StructInit                                   Libraries\STM32F4xx_StdPeriph_Driver\src\stm32f4xx_exti.o
FLASH_ClearFlag                                   Libraries\STM32F4xx_StdPeriph_Driver\src\stm32f4xx_flash.o
FLASH_DataCacheCmd                                Libraries\STM32F4xx_StdPeriph_Driver\src\stm32f4xx_flash.o
FLASH_DataCacheReset                              Libraries\STM32F4xx_StdPeriph_Driver\src\stm32f4xx_flash.o
FLASH_EraseAllSectors                             Libraries\STM32F4xx_StdPeriph_Driver\src\stm32f4xx_flash.o
FLASH_EraseSector                                 Libraries\STM32F4xx_StdPeriph_Driver\src\stm32f4xx_flash.o
FLASH_GetFlagStatus                               Libraries\STM32F4xx_StdPeriph_Driver\src\stm32f4xx_flash.o
FLASH_GetStatus                                   Libraries\STM32F4xx_StdPeriph_Driver\src\stm32f4xx_flash.o
FLASH_IRQHandler                                  src\startup_stm32f40xx.o
FLASH_ITConfig                                    Libraries\STM32F4xx_StdPeriph_Driver\src\stm32f4xx_flash.o
FLASH_InstructionCacheCmd                         Libraries\STM32F4xx_StdPeriph_Driver\src\stm32f4xx_flash.o
FLASH_InstructionCacheReset                       Libraries\STM32F4xx_StdPeriph_Driver\src\stm32f4xx_flash.o
FLASH_Lock                                        Libraries\STM32F4xx_StdPeriph_Driver\src\stm32f4xx_flash.o
FLASH_OB_BORConfig                                Libraries\STM32F4xx_StdPeriph_Driver\src\stm32f4xx_flash.o
FLASH_OB_GetBOR                                   Libraries\STM32F4xx_StdPeriph_Driver\src\stm32f4xx_flash.o
FLASH_OB_GetRDP                                   Libraries\STM32F4xx_StdPeriph_Driver\src\stm32f4xx_flash.o
FLASH_OB_GetUser                                  Libraries\STM32F4xx_StdPeriph_Driver\src\stm32f4xx_flash.o
FLASH_OB_GetWRP                                   Libraries\STM32F4xx_StdPeriph_Driver\src\stm32f4xx_flash.o
FLASH_OB_GetWRP1                                  Libraries\STM32F4xx_StdPeriph_Driver\src\stm32f4xx_flash.o
FLASH_OB_Launch                                   Libraries\STM32F4xx_StdPeriph_Driver\src\stm32f4xx_flash.o
FLASH_OB_Lock                                     Libraries\STM32F4xx_StdPeriph_Driver\src\stm32f4xx_flash.o
FLASH_OB_RDPConfig                                Libraries\STM32F4xx_StdPeriph_Driver\src\stm32f4xx_flash.o
FLASH_OB_Unlock                                   Libraries\STM32F4xx_StdPeriph_Driver\src\stm32f4xx_flash.o
FLASH_OB_UserConfig                               Libraries\STM32F4xx_StdPeriph_Driver\src\stm32f4xx_flash.o
FLASH_OB_WRP1Config                               Libraries\STM32F4xx_StdPeriph_Driver\src\stm32f4xx_flash.o
FLASH_OB_WRPConfig                                Libraries\STM32F4xx_StdPeriph_Driver\src\stm32f4xx_flash.o
FLASH_PrefetchBufferCmd                           Libraries\STM32F4xx_StdPeriph_Driver\src\stm32f4xx_flash.o
FLASH_ProgramByte                                 Libraries\STM32F4xx_StdPeriph_Driver\src\stm32f4xx_flash.o
FLASH_ProgramDoubleWord                           Libraries\STM32F4xx_StdPeriph_Driver\src\stm32f4xx_flash.o